-------------------------------------------------------------------------------------------------------------------------------------------------------------
      name:  <unnamed>
       log:  C:/Users/slevine2/Dropbox (Stanford Law School)/R-code/Injury-Classification/Model Output + Summaries/bad/inj/V1/PS/log 10-24/log_part_quarter.t
> xt
  log type:  text
 opened on:  25 Oct 2016, 13:18:30
. }

. 
. ********************************************************************************
. ********************************************************************************
. // DATA SET-UP
. 
. // format variables
. if "`injury_type'" == "MR" {
.         rename MR dv
.         rename MR_indicator dv_indicator
.         local injury_label "MR"
.         local relevant_parts "47 48 71 72 75 77"
. }

. 
. if "`injury_type'" == "PS" {
.         rename PS dv
.         rename PS_indicator dv_indicator
.         local injury_label "PS"
.         local relevant_parts "48 75"
. }

. 
. if "`violation_level'" == "part" {
.         local violation_level_label "P"
. }

. 
. if "`violation_level'" == "subpart" {
.         local violation_level_label "SP"
. }

. 
. // flag obs after or equal to 2007 to use in penlaty points analyses (assessments changed for the last time in 2007)
. gen sample_pp = quarter >= 2007 

. 
. // format time
. tostring quarter, replace
quarter was double now str7

. encode quarter, gen(quart)

. drop quarter year

. rename quart time

. local time_label "Q" // will be overwritten if unit_of_analysis is year_sum or year_avg

. 
. // collapse to quarter levels (sums)
. if "`unit_of_analysis'" == "year_sum" { // collapse to mine years - sums 
.         local time_label "Y"
.         
.         // count number of complete quarters per year
.         decode time, gen(year)
.         replace year = regexs(0) if(regexm(year, "^[0-9][0-9][0-9][0-9]"))
.         gen marker = 1
.         bysort mineid year: egen num_quarts = sum(marker)
.                 /*tab num_quarts
>                          num_quarts |      Freq.     Percent        Cum.
>                         ------------+-----------------------------------
>                                           1 |      1,100        3.63        3.63
>                                           2 |      1,666        5.50        9.13
>                                           3 |      2,511        8.29       17.42
>                                           4 |     25,012       82.58      100.00
>                         ------------+-----------------------------------
>                                   Total |     30,289      100.00 - Sarah 9/21/2016 @ 10:54 PM */
.         drop if num_quarts < 4
.         
.         // collapse to the mine-year 
.         collapse (sum) p* sp* onsite_insp_hours hours dv* (firstnm) state sample_pp union longwall, by(mineid year)
.         rename year time
.         encode time, gen(time2)
.         drop time
.         rename time2 time
.         bys mineid: gen mine_time = _n
.         
.         pause "complete: year_sum collapse"
. }

. // collapse to quarter levels (means)
. if "`unit_of_analysis'" == "year_avg" { // collapse on mine years - averages
.         local time_label "Y"
.         decode time, gen(year)
.         replace year = regexs(0) if(regexm(year, "^[0-9][0-9][0-9][0-9]"))
.         pause "collapsing to mine-year"
.         collapse (mean) p* sp* onsite_insp_hours hours dv* (firstnm) state sample_pp union longwall, by(mineid year)
.         rename year time
.         encode time, gen(time2)
.         drop time
.         rename time2 time
.         bys mineid: gen mine_time = _n
.         
.         pause "complete: year_avg collapse"
. }

. // format depvars
. drop dv_indicator

. gen dv_binary = 0 if dv == 0
(1,493 missing values generated)

. replace dv_binary = 1 if dv != 0
(1,493 real changes made)

. rename dv_binary dv_indicator

.         
. gen lnhours = log(hours)

. pause "complete: data formatting"

. 
. // group variables
. local covariates "mine_time onsite_insp_hours"

. 
. if "`union_status'" == "on" {
.         local covariates "`covariates' union longwall"
. }

. 
. *** lag 0 ***
. if "`violation_level'" == "part" {
. 
.         foreach x in `relevant_parts' {
  2.                 foreach var of varlist p`x' {
  3.                         local count_vars `count_vars' `var'
  4.                 }
  5.         }
.         noi di "`count_vars'"
p48 p75
. 
.         foreach var of varlist p*ss {
  2.                 local ss_vars `ss_vars' `var'
  3.         }
.         noi di "`ss_vars'"
p48_ss p75_ss
. 
.         foreach var of varlist p*pp {
  2.                 local pp_vars `pp_vars' `var'
  3.         }
.         noi di "`pp_vars'"
p48_pp p75_pp
.         
.         pause "complete: variable groups - part no lag"
. }

. 
. if "`violation_level'" == "subpart" {
. 
.         foreach x in 1 2 3 4 5 6 7 8 9 0 {
  2.                 foreach var of varlist sp*`x' {
  3.                         local count_vars `count_vars' `var'
  4.                 }
  5.         }
.         noi di "`count_vars'"
. 
.         foreach var of varlist sp*ss {
  2.                 local ss_vars `ss_vars' `var'
  3.         }
.         noi di "`ss_vars'"
. 
.         foreach var of varlist sp*pp {
  2.                 local pp_vars `pp_vars' `var'
  3.         }
.         noi di "`pp_vars'"
.         
.         pause "complete: variable groups - subpart no lag"
. }

. 
. *** lag 1 ***
. if "`violation_level'" == "part" {
. 
.         foreach x in `relevant_parts' {
  2.                 foreach var of varlist p`x'_1lag  {
  3.                         local count_lag_1_vars `count_lag_1_vars' `var'
  4.                 }
  5.         }
.         noi di "`count_lag_1_vars'"
p48_1lag p75_1lag
. 
.         foreach var of varlist p*ss_1lag  {
  2.                 local ss_lag_1_vars `ss_lag_1_vars' `var'
  3.         }
.         noi di "`ss_lag_1_vars'"
p48_ss_1lag p75_ss_1lag
. 
.         foreach var of varlist p*pp_1lag  {
  2.                 local pp_lag_1_vars `pp_lag_1_vars' `var'
  3.         }
.         noi di "`pp_lag_1_vars'"
p48_pp_1lag p75_pp_1lag
.         
.         pause "complete: variable groups - part lag 1"
. }

. 
. if "`violation_level'" == "subpart" {
. 
.         foreach x in 1 2 3 4 5 6 7 8 9 0 {
  2.                 foreach var of varlist sp*`x'_1lag  {
  3.                         local count_lag_1_vars `count_lag_1_vars' `var'
  4.                 }
  5.         }
.         noi di "`count_lag_1_vars'"
. 
.         foreach var of varlist sp*ss_1lag  {
  2.                 local ss_lag_1_vars `ss_lag_1_vars' `var'
  3.         }
.         noi di "`ss_lag_1_vars'"
. 
. 
.         foreach var of varlist sp*pp_1lag  {
  2.                 local pp_lag_1_vars `pp_lag_1_vars' `var'
  3.         }
.         noi di "`pp_lag_1_vars'"
. 
.         pause "complete: variable groups - subpart lag 1"
. } 

. 
. *** lag 4 ***
. if "`violation_level'" == "part" {
.         
.         foreach x in `relevant_parts' {
  2.                 foreach var of varlist p`x'_c_4lag  {
  3.                         local count_lag_4_vars `count_lag_4_vars' `var'
  4.                 }
  5.         }
.         noi di "`count_lag_4_vars'"
p48_c_4lag p75_c_4lag
. 
.         foreach var of varlist p*ss_c_4lag {
  2.                 local ss_lag_4_vars `ss_lag_4_vars' `var'
  3.         }
.         noi di "`ss_lag_4_vars'"
p48_ss_c_4lag p75_ss_c_4lag
. 
.         foreach var of varlist p*pp_c_4lag {
  2.                 local pp_lag_4_vars `pp_lag_4_vars' `var'
  3.         }
.         noi di "`pp_lag_4_vars'"
p48_pp_c_4lag p75_pp_c_4lag
. 
.         pause "complete: variable groups - part lag 4"
. }

. 
. if "`violation_level'" == "subpart" {
. 
.         foreach x in 1 2 3 4 5 6 7 8 9 0 {
  2.                 foreach var of varlist sp*`x'_c_4lag  {
  3.                         local count_lag_4_vars `count_lag_4_vars' `var'
  4.                 }
  5.         }
.         noi di "`count_lag_4_vars'"
. 
.         foreach var of varlist sp*ss_c_4lag {
  2.                 local ss_lag_4_vars `ss_lag_4_vars' `var'
  3.         }
.         noi di "`ss_lag_4_vars'"
. 
.         foreach var of varlist sp*pp_c_4lag {
  2.                 local pp_lag_4_vars `pp_lag_4_vars' `var'
  3.         }
.         noi di "`pp_lag_4_vars'"
. 
.         pause "complete: variable groups - subpart lag 4"
. }

. 
. *** lag all ***
. if "`violation_level'" == "part" {
. 
.         foreach x in `relevant_parts' {
  2.                 foreach var of varlist p`x'_c_lag_all  {
  3.                         local count_lag_all_vars `count_lag_all_vars' `var'
  4.                 }
  5.         }
.         noi di "`count_lag_all_vars'"
p48_c_lag_all p75_c_lag_all
. 
.         foreach var of varlist p*ss_c_lag_all {
  2.                 local ss_lag_all_vars `ss_lag_all_vars' `var'
  3.         }
.         noi di "`ss_lag_all_vars'"
p48_ss_c_lag_all p75_ss_c_lag_all
. 
.         foreach var of varlist p*pp_c_lag_all {
  2.                 local pp_lag_all_vars `pp_lag_all_vars' `var'
  3.         }
.         noi di "`pp_lag_all_vars'"
p48_pp_c_lag_all p75_pp_c_lag_all
. 
.         pause "complete: variable groups - part lag all"
. }

. 
. if "`violation_level'" == "subpart" {
. 
.         foreach x in 1 2 3 4 5 6 7 8 9 0 {
  2.                 foreach var of varlist sp*`x'_c_lag_all  {
  3.                         local count_lag_all_vars `count_lag_all_vars' `var'
  4.                 }
  5.         }
.         noi di "`count_lag_all_vars'"
.         
.         foreach var of varlist sp*ss_c_lag_all {
  2.                 local ss_lag_all_vars `ss_lag_all_vars' `var'
  3.         }
.         noi di "`ss_lag_all_vars'"
.         
.         foreach var of varlist sp*pp_c_lag_all {
  2.                 local pp_lag_all_vars `pp_lag_all_vars' `var'
  3.         }
.         noi di "`pp_lag_all_vars'"
. 
.         pause "complete: variable groups - subpart lag all"
. }

. 
. ********************************************************************************
. *******************************************************************************
. // DATA OVERVIEW
. 
. // outcome variables
. summ dv

    Variable |        Obs        Mean    Std. Dev.       Min        Max
-------------+---------------------------------------------------------
          dv |      2,209    3.050702    5.441817          0         71

. 
. pause "next"

. 
. tab dv_indicator

dv_indicato |
          r |      Freq.     Percent        Cum.
------------+-----------------------------------
          0 |        716       32.41       32.41
          1 |      1,493       67.59      100.00
------------+-----------------------------------
      Total |      2,209      100.00

.           
. pause "next"

. 
. if "`violation_level'" == "part" {
.         summ `count_vars' `ss_vars' `pp_vars'

    Variable |        Obs        Mean    Std. Dev.       Min        Max
-------------+---------------------------------------------------------
         p48 |      2,114    .0879849    .4370635          0          7
         p75 |      2,114    24.01514    34.35621          0        350
      p48_ss |      2,114    .0231788    .2173979          0          4
      p75_ss |      2,114    7.692053    10.83391          0         96
      p48_pp |      2,114    3.652791    22.15995          0        430
-------------+---------------------------------------------------------
      p75_pp |      2,114    1288.265    2364.797          0      28605
.         
.         pause "next"
.         
.         summ `count_lag_1_vars' `ss_lag_1_vars' `pp_lag_1_vars'

    Variable |        Obs        Mean    Std. Dev.       Min        Max
-------------+---------------------------------------------------------
    p48_1lag |      2,136    .0889513    .4430569          0          7
    p75_1lag |      2,136    23.91433    34.19422          0        350
 p48_ss_1lag |      2,136    .0238764    .2204767          0          4
 p75_ss_1lag |      2,136    7.712079    10.78862          0         96
 p48_pp_1lag |      2,136    3.628277     22.0726          0        430
-------------+---------------------------------------------------------
 p75_pp_1lag |      2,136    1264.207    2352.507          0      28605
.         
.         pause "next"
.         
.         summ `count_lag_4_vars' `ss_lag_4_vars' `pp_lag_4_vars'

    Variable |        Obs        Mean    Std. Dev.       Min        Max
-------------+---------------------------------------------------------
  p48_c_4lag |      1,995    .3699248    1.042477          0         12
  p75_c_4lag |      1,995     100.013    130.7749          2       1290
p48_ss_c_4~g |      1,995    .0992481    .4918334          0          7
p75_ss_c_4~g |      1,995    32.10175    38.60738          0        302
p48_pp_c_4~g |      1,995    14.94586    54.81593          0        804
-------------+---------------------------------------------------------
p75_pp_c_4~g |      1,995    5287.036    9040.887          0     101005
.         
.         pause "next"
.         
.         summ `count_lag_all_vars' `ss_lag_all_vars' `pp_lag_all_vars'

    Variable |        Obs        Mean    Std. Dev.       Min        Max
-------------+---------------------------------------------------------
p48_c_lag_~l |      1,209    3.382134    5.847783          0         27
p75_c_lag_~l |      1,209    812.0579    1281.616         15       7528
p48_ss_c_l~l |      1,209     1.27378    2.476442          0         13
p75_ss_c_l~l |      1,209    256.1489    325.9011          5       1705
p48_pp_c_l~l |      1,209     117.244    277.1931          0       1371
-------------+---------------------------------------------------------
p75_pp_c_l~l |      1,209    30691.61    61024.71        144     361956
. }

. 
. pause "complete: data overview"

. 
. *******************************************************************************/
. /*******************************************************************************
> // MODEL LABEL KEY
> 
> Model X.Y.Z
>   X
>     C: response variable is count of injuries
>     B: response variable is binary of injuries
>   Y
>     V: predictors are number of violations
>     SSV: predictors are number of significant and substantial violations
>     PP: predictors are number of penalty points
>   Z
>     1: inj_t ~ viol_t
>     2: inj_t ~ viol_(t_-1)
>     3: inj_t ~ viol_(annual sum pre_t)
>     4: inj_t ~ viol_(sum since study period) 
> 
> *******************************************************************************/
. ********************************************************************************
. // NULL MODELS (V & SSV)
. 
. // count outcome (V & SSV)
. /*
> glm dv, family(poisson) link(log) vce(cl mineid) exposure(hours) eform
>         
> pause "next"    
>         
> quietly poisson dv, vce(cl mineid) exposure(hours) irr
> estat gof
> 
> pause "next"
>         
> glm dv, family(nbinomial) link(log) vce(cl mineid) exposure(hours) eform
> 
> pause "next"
> */
. 
. nbreg dv, vce(cl mineid) exposure(hours) irr

Fitting Poisson model:

Iteration 0:   log pseudolikelihood = -4784.1754  
Iteration 1:   log pseudolikelihood = -4784.1754  

Fitting constant-only model:

Iteration 0:   log pseudolikelihood =  -4340.794  
Iteration 1:   log pseudolikelihood = -4254.7386  
Iteration 2:   log pseudolikelihood = -4250.5202  
Iteration 3:   log pseudolikelihood = -4250.5031  
Iteration 4:   log pseudolikelihood = -4250.5031  

Fitting full model:

Iteration 0:   log pseudolikelihood = -4250.5031  
Iteration 1:   log pseudolikelihood = -4250.5031  

Negative binomial regression                    Number of obs     =      2,209
                                                Wald chi2(0)      =          .
Dispersion           = mean                     Prob > chi2       =          .
Log pseudolikelihood = -4250.5031               Pseudo R2         =     0.0000

                                (Std. Err. adjusted for 87 clusters in mineid)
------------------------------------------------------------------------------
             |               Robust
          dv |        IRR   Std. Err.      z    P>|z|     [95% Conf. Interval]
-------------+----------------------------------------------------------------
       _cons |    .000082   4.50e-06  -171.30   0.000     .0000736    .0000913
   ln(hours) |          1  (exposure)
-------------+----------------------------------------------------------------
    /lnalpha |  -.7619519   .1585751                     -1.072753   -.4511503
-------------+----------------------------------------------------------------
       alpha |   .4667545   .0740157                      .3420653    .6368951
------------------------------------------------------------------------------

. 
. pause "next"

. 
. predict c_null_yhat 
(option n assumed; predicted number of events)

. summ dv c_null_yhat

    Variable |        Obs        Mean    Std. Dev.       Min        Max
-------------+---------------------------------------------------------
          dv |      2,209    3.050702    5.441817          0         71
 c_null_yhat |      2,209    3.422237    5.356906   .0003279   45.17564

. 
. pause "complete: null model - count outcome"

. 
. // binary outcome (V & SSV)
. logit dv_indicator, vce(cl mineid) offset(lnhours) or

Iteration 0:   log pseudolikelihood =  -1140.528  
Iteration 1:   log pseudolikelihood = -1135.3193  
Iteration 2:   log pseudolikelihood = -1135.3171  
Iteration 3:   log pseudolikelihood = -1135.3171  

Logistic regression                             Number of obs     =      2,209
                                                Wald chi2(0)      =          .
Log pseudolikelihood = -1135.3171               Prob > chi2       =          .

                                (Std. Err. adjusted for 87 clusters in mineid)
------------------------------------------------------------------------------
             |               Robust
dv_indicator | Odds Ratio   Std. Err.      z    P>|z|     [95% Conf. Interval]
-------------+----------------------------------------------------------------
       _cons |   .0001311   .0000129   -91.03   0.000     .0001082     .000159
     lnhours |          1  (offset)
------------------------------------------------------------------------------

. 
. pause "next"

. 
. lfit

Logistic model for dv_indicator, goodness-of-fit test

       number of observations =      2209
 number of covariate patterns =         1
              Pearson chi2(0) =         0.00
                  Prob > chi2 =              .

. 
. pause "next"

. 
. linktest

Iteration 0:   log likelihood = -1391.5427  
Iteration 1:   log likelihood =  -1113.115  
Iteration 2:   log likelihood = -1097.4081  
Iteration 3:   log likelihood = -1085.9407  
Iteration 4:   log likelihood =  -1083.225  
Iteration 5:   log likelihood = -1083.2219  
Iteration 6:   log likelihood = -1083.2219  

Logistic regression                             Number of obs     =      2,209
                                                LR chi2(2)        =     616.64
                                                Prob > chi2       =     0.0000
Log likelihood = -1083.2219                     Pseudo R2         =     0.2216

------------------------------------------------------------------------------
dv_indicator |      Coef.   Std. Err.      z    P>|z|     [95% Conf. Interval]
-------------+----------------------------------------------------------------
        _hat |   .9918508   .0517694    19.16   0.000     .8903846    1.093317
      _hatsq |   .1758309   .0170759    10.30   0.000     .1423628     .209299
       _cons |  -.2384421   .0672821    -3.54   0.000    -.3703126   -.1065715
------------------------------------------------------------------------------

. 
. pause "next"

. 
. estat classification

Logistic model for dv_indicator

              -------- True --------
Classified |         D            ~D  |      Total
-----------+--------------------------+-----------
     +     |      1349           398  |       1747
     -     |       144           318  |        462
-----------+--------------------------+-----------
   Total   |      1493           716  |       2209

Classified + if predicted Pr(D) >= .5
True D defined as dv_indicator != 0
--------------------------------------------------
Sensitivity                     Pr( +| D)   90.35%
Specificity                     Pr( -|~D)   44.41%
Positive predictive value       Pr( D| +)   77.22%
Negative predictive value       Pr(~D| -)   68.83%
--------------------------------------------------
False + rate for true ~D        Pr( +|~D)   55.59%
False - rate for true D         Pr( -| D)    9.65%
False + rate for classified +   Pr(~D| +)   22.78%
False - rate for classified -   Pr( D| -)   31.17%
--------------------------------------------------
Correctly classified                        75.46%
--------------------------------------------------

. 
. pause "next"

. 
. predict b_null_yhat 
(option pr assumed; Pr(dv_indicator))

. summ dv_indicator b_null_yhat

    Variable |        Obs        Mean    Std. Dev.       Min        Max
-------------+---------------------------------------------------------
dv_indicator |      2,209    .6758714    .4681543          0          1
 b_null_yhat |      2,209    .6758714    .2279787   .0005242   .9863502

. 
. pause "complete: null model - binary outcome"

. 
. *******************************************************************************/
. ********************************************************************************
. // NULL MODELS (PP)
. 
. // count outcome (PP)
. /*
> glm dv if sample_pp == 1, family(poisson) link(log) vce(cl mineid) exposure(hours) eform
>         
> pause "next"    
>         
> quietly poisson dv if sample_pp == 1, vce(cl mineid) exposure(hours) irr
> estat gof
> 
> pause "next"
>         
> glm dv if sample_pp == 1, family(nbinomial) link(log) vce(cl mineid) exposure(hours) eform
> 
> pause "next"
> */
. 
. nbreg dv if sample_pp == 1, vce(cl mineid) exposure(hours) irr

Fitting Poisson model:

Iteration 0:   log pseudolikelihood = -2239.6442  
Iteration 1:   log pseudolikelihood = -2239.6442  

Fitting constant-only model:

Iteration 0:   log pseudolikelihood =  -2191.063  
Iteration 1:   log pseudolikelihood = -2123.0201  
Iteration 2:   log pseudolikelihood = -2117.4193  
Iteration 3:   log pseudolikelihood = -2117.3469  
Iteration 4:   log pseudolikelihood = -2117.3469  

Fitting full model:

Iteration 0:   log pseudolikelihood = -2117.3469  
Iteration 1:   log pseudolikelihood = -2117.3469  

Negative binomial regression                    Number of obs     =      1,174
                                                Wald chi2(0)      =          .
Dispersion           = mean                     Prob > chi2       =          .
Log pseudolikelihood = -2117.3469               Pseudo R2         =     0.0000

                                (Std. Err. adjusted for 53 clusters in mineid)
------------------------------------------------------------------------------
             |               Robust
          dv |        IRR   Std. Err.      z    P>|z|     [95% Conf. Interval]
-------------+----------------------------------------------------------------
       _cons |   .0000598   3.88e-06  -149.92   0.000     .0000526    .0000679
   ln(hours) |          1  (exposure)
-------------+----------------------------------------------------------------
    /lnalpha |  -1.158979   .2211178                     -1.592362   -.7255962
-------------+----------------------------------------------------------------
       alpha |   .3138064   .0693882                      .2034445    .4840359
------------------------------------------------------------------------------

. 
. pause "next"

. 
. predict c_pp_null_yhat 
(option n assumed; predicted number of events)

. summ dv_indicator c_pp_null_yhat

    Variable |        Obs        Mean    Std. Dev.       Min        Max
-------------+---------------------------------------------------------
dv_indicator |      2,209    .6758714    .4681543          0          1
c_pp_null_~t |      2,209    2.495783    3.906707   .0002391   32.94588

. 
. pause "complete: null model - count outcome"

. 
. // binary outcome (PP)
. logit dv_indicator if sample_pp == 1, vce(cl mineid) offset(lnhours) or

Iteration 0:   log pseudolikelihood = -592.82226  
Iteration 1:   log pseudolikelihood = -590.40212  
Iteration 2:   log pseudolikelihood = -590.40136  
Iteration 3:   log pseudolikelihood = -590.40136  

Logistic regression                             Number of obs     =      1,174
                                                Wald chi2(0)      =          .
Log pseudolikelihood = -590.40136               Prob > chi2       =          .

                                (Std. Err. adjusted for 53 clusters in mineid)
------------------------------------------------------------------------------
             |               Robust
dv_indicator | Odds Ratio   Std. Err.      z    P>|z|     [95% Conf. Interval]
-------------+----------------------------------------------------------------
       _cons |    .000104   .0000141   -67.89   0.000     .0000798    .0001356
     lnhours |          1  (offset)
------------------------------------------------------------------------------

. 
. pause "next"

. 
. lfit

Logistic model for dv_indicator, goodness-of-fit test

       number of observations =      1174
 number of covariate patterns =         1
              Pearson chi2(0) =         0.00
                  Prob > chi2 =              .

. 
. pause "next"

. 
. linktest

Iteration 0:   log likelihood = -751.13407  
Iteration 1:   log likelihood = -580.80074  
Iteration 2:   log likelihood = -574.62158  
Iteration 3:   log likelihood = -566.88762  
Iteration 4:   log likelihood = -566.08096  
Iteration 5:   log likelihood = -566.07814  
Iteration 6:   log likelihood = -566.07814  

Logistic regression                             Number of obs     =      1,174
                                                LR chi2(2)        =     370.11
                                                Prob > chi2       =     0.0000
Log likelihood = -566.07814                     Pseudo R2         =     0.2464

------------------------------------------------------------------------------
dv_indicator |      Coef.   Std. Err.      z    P>|z|     [95% Conf. Interval]
-------------+----------------------------------------------------------------
        _hat |   1.033238   .0702419    14.71   0.000     .8955663     1.17091
      _hatsq |   .1692211   .0219507     7.71   0.000     .1261984    .2122438
       _cons |  -.2533076    .090549    -2.80   0.005    -.4307804   -.0758348
------------------------------------------------------------------------------

. 
. pause "next"

. 
. estat classification

Logistic model for dv_indicator

              -------- True --------
Classified |         D            ~D  |      Total
-----------+--------------------------+-----------
     +     |       698           209  |        907
     -     |        79           188  |        267
-----------+--------------------------+-----------
   Total   |       777           397  |       1174

Classified + if predicted Pr(D) >= .5
True D defined as dv_indicator != 0
--------------------------------------------------
Sensitivity                     Pr( +| D)   89.83%
Specificity                     Pr( -|~D)   47.36%
Positive predictive value       Pr( D| +)   76.96%
Negative predictive value       Pr(~D| -)   70.41%
--------------------------------------------------
False + rate for true ~D        Pr( +|~D)   52.64%
False - rate for true D         Pr( -| D)   10.17%
False + rate for classified +   Pr(~D| +)   23.04%
False - rate for classified -   Pr( D| -)   29.59%
--------------------------------------------------
Correctly classified                        75.47%
--------------------------------------------------

. 
. pause "next"

. 
. predict b_pp_null_yhat 
(option pr assumed; Pr(dv_indicator))

. summ dv_indicator b_pp_null_yhat

    Variable |        Obs        Mean    Std. Dev.       Min        Max
-------------+---------------------------------------------------------
dv_indicator |      2,209    .6758714    .4681543          0          1
b_pp_null_~t |      2,209    .6360103    .2333465    .000416   .9828569

. 
. pause "complete: null model - binary outcome"

. 
. ********************************************************************************
. ********************************************************************************
. 
. if "`violation_level'" == "subpart" {
.         set matsize 11000, perm
.         set emptycells drop
. }

. 
. ********************************************************************************
. ********************************************************************************
. 
. // Model C.V.1
. 
. // poisson model
. /*
> glm dv `count_vars' `covariates' ib(freq).state ib(freq).time, family(poisson) link(log) vce(cl mineid) exposure(hours) iter(50) eform
>         
> quietly poisson dv `count_vars' `covariates' ib(freq).state ib(freq).time, vce(cl mineid) exposure(hours) iter(50) irr
> est store pois
> estat gof
>         
> pause "next"
> 
> // negative binomial model
> glm dv `count_vars' `covariates' ib(freq).state ib(freq).time, family(nbinomial) link(log) vce(cl mineid) exposure(hours) iter(50) eform
> 
> pause "next"
> */
. eststo clear

. eststo: nbreg dv `count_vars' `covariates' ib(freq).state ib(freq).time, vce(cl mineid) exposure(hours) iter(50) irr

Fitting Poisson model:

Iteration 0:   log pseudolikelihood = -20278.953  
Iteration 1:   log pseudolikelihood =  -8742.596  
Iteration 2:   log pseudolikelihood = -4936.4574  
Iteration 3:   log pseudolikelihood = -4069.8548  
Iteration 4:   log pseudolikelihood = -4061.6707  
Iteration 5:   log pseudolikelihood = -4061.6508  
Iteration 6:   log pseudolikelihood = -4061.6508  

Fitting constant-only model:

Iteration 0:   log pseudolikelihood = -4240.8371  
Iteration 1:   log pseudolikelihood = -4154.1827  
Iteration 2:   log pseudolikelihood = -4149.9259  
Iteration 3:   log pseudolikelihood = -4149.9083  
Iteration 4:   log pseudolikelihood = -4149.9082  

Fitting full model:

Iteration 0:   log pseudolikelihood = -3970.7776  
Iteration 1:   log pseudolikelihood = -3929.5287  
Iteration 2:   log pseudolikelihood = -3926.4572  
Iteration 3:   log pseudolikelihood = -3926.4454  
Iteration 4:   log pseudolikelihood = -3926.4454  

Negative binomial regression                    Number of obs     =      2,114
                                                Wald chi2(60)     =          .
Dispersion           = mean                     Prob > chi2       =          .
Log pseudolikelihood = -3926.4454               Pseudo R2         =     0.0538

                                     (Std. Err. adjusted for 86 clusters in mineid)
-----------------------------------------------------------------------------------
                  |               Robust
               dv |        IRR   Std. Err.      z    P>|z|     [95% Conf. Interval]
------------------+----------------------------------------------------------------
              p48 |   1.018561   .0317971     0.59   0.556     .9581085    1.082829
              p75 |   1.001588   .0012055     1.32   0.187     .9992279    1.003954
        mine_time |   .9861389   .0199744    -0.69   0.491     .9477567    1.026076
onsite_insp_hours |   .9996016    .000278    -1.43   0.152     .9990569    1.000147
                  |
            state |
              IL  |   .9275415   .0975567    -0.72   0.475     .7547549    1.139884
              IN  |   .6992836   .0691861    -3.62   0.000     .5760188    .8489263
              KY  |   .8083023   .0979588    -1.76   0.079     .6374058    1.025018
              OK  |   1.195253   .0985063     2.16   0.030     1.016971    1.404789
              PA  |   1.283165   .1347631     2.37   0.018     1.044446    1.576446
              TN  |   1.070906   .2279205     0.32   0.748     .7056517     1.62522
              UT  |   .9894021   .0788637    -0.13   0.894     .8463011      1.1567
              VA  |   .7017765   .0642949    -3.87   0.000      .586427     .839815
                  |
             time |
         2003.25  |   1.136118    .143187     1.01   0.311     .8874517     1.45446
          2003.5  |   1.325029   .1795612     2.08   0.038     1.015956    1.728128
         2003.75  |   .8082749   .1113215    -1.55   0.122     .6170572    1.058748
            2004  |   .9903593   .1927469    -0.05   0.960     .6762841    1.450295
         2004.25  |   .8398808   .1326975    -1.10   0.269      .616214    1.144732
          2004.5  |   1.124584    .181216     0.73   0.466     .8200282     1.54225
         2004.75  |   .9981427   .1920068    -0.01   0.992     .6846238    1.455235
            2005  |   .8667565   .1907844    -0.65   0.516     .5630365    1.334313
         2005.25  |   1.011882   .2282047     0.05   0.958     .6503731    1.574335
          2005.5  |   1.032478   .2340761     0.14   0.888     .6620675    1.610123
         2005.75  |   .9360268   .2437168    -0.25   0.800     .5618984    1.559261
            2006  |   .9124712   .2842756    -0.29   0.769     .4954865    1.680376
         2006.25  |   .8480695   .2556837    -0.55   0.585     .4696815    1.531297
          2006.5  |   1.080986   .3253771     0.26   0.796     .5992502    1.949988
         2006.75  |   1.019435   .3618221     0.05   0.957     .5084488    2.043956
            2007  |   .8682316   .3028111    -0.41   0.685     .4382925    1.719915
         2007.25  |   .6894346   .2744207    -0.93   0.350     .3159971    1.504191
          2007.5  |   1.057449    .465852     0.13   0.899     .4459319    2.507555
         2007.75  |   .9517826   .4463065    -0.11   0.916     .3796605    2.386053
            2008  |   .9090953   .3891925    -0.22   0.824     .3928274    2.103861
         2008.25  |   .8871232    .424959    -0.25   0.803     .3469225    2.268482
          2008.5  |   .9025858    .429146    -0.22   0.829     .3554462    2.291939
         2008.75  |   .8146278   .4118333    -0.41   0.685     .3024379    2.194231
            2009  |   .6953676   .3729122    -0.68   0.498       .24307    1.989287
         2009.25  |   .5802956   .3279244    -0.96   0.336     .1917062    1.756557
          2009.5  |   .8087792   .4506929    -0.38   0.703     .2713296    2.410809
         2009.75  |   .7068756   .4098734    -0.60   0.550     .2268736     2.20243
            2010  |   .5710801   .3306884    -0.97   0.333     .1835702    1.776609
         2010.25  |   .7169776   .4357942    -0.55   0.584     .2178348    2.359847
          2010.5  |   1.025195   .6410588     0.04   0.968     .3009859    3.491938
         2010.75  |   .8057198   .5060086    -0.34   0.731     .2352946    2.759028
            2011  |   .7150789   .4808387    -0.50   0.618      .191418    2.671316
         2011.25  |   .6279931   .4158671    -0.70   0.482     .1715045    2.299504
          2011.5  |    .690378   .4840461    -0.53   0.597     .1746957    2.728297
         2011.75  |   .5547719   .4095637    -0.80   0.425     .1305298    2.357867
            2012  |   .7483233   .5536532    -0.39   0.695     .1755176    3.190493
         2012.25  |   .6275124   .4837522    -0.60   0.546     .1384928    2.843266
          2012.5  |    .602435   .4830231    -0.63   0.527     .1251497     2.89995
         2012.75  |   .6462831   .5180754    -0.54   0.586     .1343013    3.110037
            2013  |   .6945755    .578225    -0.44   0.662     .1358643     3.55086
         2013.25  |    .708107   .5994554    -0.41   0.683     .1347427    3.721281
          2013.5  |    .719664   .6406028    -0.37   0.712     .1257303    4.119264
         2013.75  |   .3788916   .3598175    -1.02   0.307     .0589067    2.437056
            2014  |   .6246242   .5933271    -0.50   0.620      .097066    4.019486
         2014.25  |   .7690833   .7035176    -0.29   0.774     .1280378    4.619643
          2014.5  |   .8168506   .7750205    -0.21   0.831     .1272126    5.245115
         2014.75  |   .6122062   .6020453    -0.50   0.618     .0890889    4.206993
            2015  |   .4644735    .475608    -0.75   0.454     .0624244    3.455952
         2015.25  |   .6639287   .7016604    -0.39   0.698     .0836653    5.268629
          2015.5  |   .9353806   .9926479    -0.06   0.950      .116862    7.486924
         2015.75  |   .7815941   .8144277    -0.24   0.813     .1013963     6.02477
            2016  |   .7020461   .7880417    -0.32   0.753     .0777854    6.336264
                  |
            _cons |   .0001577   .0000425   -32.50   0.000      .000093    .0002673
        ln(hours) |          1  (exposure)
------------------+----------------------------------------------------------------
         /lnalpha |  -1.531016   .2945629                     -2.108349   -.9536835
------------------+----------------------------------------------------------------
            alpha |   .2163157   .0637186                      .1214383    .3853191
-----------------------------------------------------------------------------------
(est1 stored)

. esttab using `"`directory'Model.`injury_label'.`time_label'.`violation_level_label'.C.V.1.csv"', replace plain wide p eform
(note: file C:/Users/slevine2/Dropbox (Stanford Law School)/R-code/Injury-Classification/Model Output + Summaries/bad/inj/V1/PS/estout 10-24/Model.PS.Q.P.C.V
> .1.csv not found)
(output written to C:/Users/slevine2/Dropbox (Stanford Law School)/R-code/Injury-Classification/Model Output + Summaries/bad/inj/V1/PS/estout 10-24/Model.PS.
> Q.P.C.V.1.csv)

. /* 
> est store nbin
> 
> pause "next"
> 
> // test for over-dispersion
> lrtest pois nbin, stats force 
> 
> pause "next" 
> 
> // final model + diagnostics/assessment
> quietly nbreg dv `count_vars' `covariates' ib(freq).state ib(freq).time, vce(cl mineid) exposure(hours) iter(50) irr
> */
. predict cv1_yhat 
(option n assumed; predicted number of events)
(95 missing values generated)

. gen cv1_res = dv - cv1_yhat
(95 missing values generated)

. 
. summ dv cv1_yhat

    Variable |        Obs        Mean    Std. Dev.       Min        Max
-------------+---------------------------------------------------------
          dv |      2,209    3.050702    5.441817          0         71
    cv1_yhat |      2,114    3.219798    5.267103   .0009544   60.82119

. /*
> pause "next"
> 
> scatter dv cv1_yhat
> 
> pause "next"
> 
> scatter cv1_res dv
> 
> pause "next"
> 
> scatter cv1_res cv1_yhat
> */
. pause "complete: C.V.1"

. 
. ********************************************************************************
. ********************************************************************************
. 
. // Model C.V.2
. 
. // poisson model
. /*
> glm dv `count_lag_1_vars' `covariates' ib(freq).state ib(freq).time, family(poisson) link(log) vce(cl mineid) exposure(hours) iter(50) eform
>         
> quietly poisson dv `count_lag_1_vars' `covariates' ib(freq).state ib(freq).time, vce(cl mineid) exposure(hours) iter(50) irr
> est store pois
> estat gof
>         
> pause "next"
> 
> // negative binomial model
> glm dv `count_lag_1_vars' `covariates' ib(freq).state ib(freq).time, family(nbinomial) link(log) vce(cl mineid) exposure(hours) iter(50) eform
> 
> pause "next"
> */
. eststo clear

. eststo: nbreg dv `count_lag_1_vars' `covariates' ib(freq).state ib(freq).time, vce(cl mineid) exposure(hours) iter(50) irr

Fitting Poisson model:

Iteration 0:   log pseudolikelihood = -19050.837  
Iteration 1:   log pseudolikelihood = -8061.8568  
Iteration 2:   log pseudolikelihood = -5154.2666  
Iteration 3:   log pseudolikelihood = -4041.5024  
Iteration 4:   log pseudolikelihood = -4004.3787  
Iteration 5:   log pseudolikelihood = -4004.2421  
Iteration 6:   log pseudolikelihood =  -4004.242  

Fitting constant-only model:

Iteration 0:   log pseudolikelihood = -4188.2244  
Iteration 1:   log pseudolikelihood = -4100.8237  
Iteration 2:   log pseudolikelihood = -4096.4471  
Iteration 3:   log pseudolikelihood = -4096.4279  
Iteration 4:   log pseudolikelihood = -4096.4279  

Fitting full model:

Iteration 0:   log pseudolikelihood = -3917.9417  
Iteration 1:   log pseudolikelihood = -3876.8554  
Iteration 2:   log pseudolikelihood = -3873.6256  
Iteration 3:   log pseudolikelihood = -3873.6124  
Iteration 4:   log pseudolikelihood = -3873.6124  

Negative binomial regression                    Number of obs     =      2,068
                                                Wald chi2(60)     =          .
Dispersion           = mean                     Prob > chi2       =          .
Log pseudolikelihood = -3873.6124               Pseudo R2         =     0.0544

                                     (Std. Err. adjusted for 86 clusters in mineid)
-----------------------------------------------------------------------------------
                  |               Robust
               dv |        IRR   Std. Err.      z    P>|z|     [95% Conf. Interval]
------------------+----------------------------------------------------------------
         p48_1lag |   .9620998   .0237915    -1.56   0.118     .9165813    1.009879
         p75_1lag |   1.001496   .0011513     1.30   0.194     .9992419    1.003755
        mine_time |   .9819692   .0206047    -0.87   0.386     .9424038    1.023196
onsite_insp_hours |   .9996473   .0002501    -1.41   0.158     .9991572    1.000138
                  |
            state |
              IL  |   .9479854   .1045748    -0.48   0.628     .7636658    1.176793
              IN  |   .7109856   .0694728    -3.49   0.000     .5870661    .8610623
              KY  |   .8068625    .097639    -1.77   0.076     .6364951    1.022831
              OK  |   1.205639   .0996771     2.26   0.024     1.025283    1.417722
              PA  |   1.291918   .1354128     2.44   0.015     1.052001    1.586551
              TN  |   1.045832   .2298083     0.20   0.838     .6798623    1.608802
              UT  |   .9922782      .0803    -0.10   0.924       .84674    1.162832
              VA  |   .7042685   .0653288    -3.78   0.000     .5871916    .8446888
                  |
             time |
         2003.25  |   1.122308   .1426321     0.91   0.364     .8748521    1.439759
          2003.5  |   1.264196   .1783742     1.66   0.097     .9587653    1.666926
         2003.75  |   .8221956   .1131062    -1.42   0.155      .627883    1.076643
            2004  |   .9949776   .1918149    -0.03   0.979     .6818927    1.451813
         2004.25  |   .8443016   .1335614    -1.07   0.285     .6192197    1.151199
          2004.5  |   1.141873   .1871034     0.81   0.418     .8282141    1.574319
         2004.75  |    1.00365   .1912219     0.02   0.985     .6908854    1.458004
            2005  |    .904777   .1981461    -0.46   0.648     .5890179    1.389808
         2005.25  |   1.066606   .2423552     0.28   0.777     .6832714    1.665002
          2005.5  |   1.043287   .2408377     0.18   0.854      .663603     1.64021
         2005.75  |    .974686   .2608865    -0.10   0.924     .5768068    1.647021
            2006  |   .9328464   .2988718    -0.22   0.828     .4978475     1.74793
         2006.25  |   .8827549   .2699393    -0.41   0.683     .4847855    1.607425
          2006.5  |   1.137053   .3497294     0.42   0.676     .6222602     2.07773
         2006.75  |   1.047465    .385412     0.13   0.900     .5092634    2.154453
            2007  |   .8841256   .3255215    -0.33   0.738     .4296498    1.819338
         2007.25  |   .7451504   .3028565    -0.72   0.469     .3359575    1.652736
          2007.5  |   1.133049   .5126083     0.28   0.782     .4668231    2.750078
         2007.75  |   1.051916   .5072784     0.10   0.916     .4087859    2.706864
            2008  |   .9914651   .4370117    -0.02   0.984     .4179172    2.352148
         2008.25  |   .9615829   .4764636    -0.08   0.937     .3640969    2.539548
          2008.5  |   .9698806   .4765916    -0.06   0.950      .370207    2.540925
         2008.75  |    .875792   .4577461    -0.25   0.800      .314418    2.439465
            2009  |   .7425905   .4092601    -0.54   0.589     .2521338    2.187096
         2009.25  |   .6469289    .378713    -0.74   0.457     .2053819     2.03775
          2009.5  |   .8622494   .4953254    -0.26   0.796     .2796753    2.658348
         2009.75  |   .7678201   .4611017    -0.44   0.660      .236638    2.491348
            2010  |   .6223104   .3735016    -0.79   0.429     .1919236    2.017835
         2010.25  |   .7888558   .4982539    -0.38   0.707     .2287521    2.720383
          2010.5  |   1.142617   .7415254     0.21   0.837     .3202544    4.076673
         2010.75  |   .8906642   .5794329    -0.18   0.859     .2488594    3.187674
            2011  |   .8247174   .5747056    -0.28   0.782     .2104476    3.231962
         2011.25  |   .7070306   .4857181    -0.50   0.614     .1839404    2.717686
          2011.5  |   .7606083    .554476    -0.38   0.707     .1822399    3.174524
         2011.75  |   .6203389   .4735725    -0.63   0.532     .1389357    2.769773
            2012  |   .8358622   .6395687    -0.23   0.815     .1865645    3.744902
         2012.25  |   .7106905   .5695248    -0.43   0.670     .1477592     3.41827
          2012.5  |   .6801571   .5651795    -0.46   0.643     .1334442    3.466721
         2012.75  |   .7388083   .6142672    -0.36   0.716     .1448163    3.769173
            2013  |   .7912039   .6829397    -0.27   0.786      .145734    4.295522
         2013.25  |   .8149389   .7149291    -0.23   0.816     .1460103    4.548484
          2013.5  |   .8297275   .7649918    -0.20   0.840       .13619    5.055055
         2013.75  |   .4379589   .4310254    -0.84   0.402     .0636367    3.014111
            2014  |   .7445975   .7309095    -0.30   0.764     .1087346    5.098887
         2014.25  |   .9114155   .8639118    -0.10   0.922     .1421936     5.84188
          2014.5  |    .985332   .9879744    -0.01   0.988     .1380697    7.031805
         2014.75  |   .7271484   .7442111    -0.31   0.756     .0978246    5.405031
            2015  |   .5497006   .5805683    -0.57   0.571     .0693628     4.35638
         2015.25  |   .7990777   .8786588    -0.20   0.838     .0926009    6.895451
          2015.5  |   1.132915   1.250219     0.11   0.910     .1302749    9.852208
         2015.75  |   .9366609   1.014332    -0.06   0.952     .1121493    7.822907
            2016  |   .8506022   .9892396    -0.14   0.889     .0870542    8.311188
                  |
            _cons |   .0001684   .0000468   -31.29   0.000     .0000977    .0002903
        ln(hours) |          1  (exposure)
------------------+----------------------------------------------------------------
         /lnalpha |  -1.547514   .3021528                     -2.139723   -.9553057
------------------+----------------------------------------------------------------
            alpha |   .2127762   .0642909                      .1176875    .3846945
-----------------------------------------------------------------------------------
(est1 stored)

. esttab using `"`directory'Model.`injury_label'.`time_label'.`violation_level_label'.C.V.2.csv"', replace plain wide p eform
(note: file C:/Users/slevine2/Dropbox (Stanford Law School)/R-code/Injury-Classification/Model Output + Summaries/bad/inj/V1/PS/estout 10-24/Model.PS.Q.P.C.V
> .2.csv not found)
(output written to C:/Users/slevine2/Dropbox (Stanford Law School)/R-code/Injury-Classification/Model Output + Summaries/bad/inj/V1/PS/estout 10-24/Model.PS.
> Q.P.C.V.2.csv)

. /*
> est store nbin
> 
> pause "next"
> 
> // test for over-dispersion
> lrtest pois nbin, stats force 
> 
> pause "next" 
> 
> // final model + diagnostics/assessment
> quietly nbreg dv `count_lag_1_vars' `covariates' ib(freq).state ib(freq).time, vce(cl mineid) exposure(hours) iter(50) irr
> */
. predict cv2_yhat 
(option n assumed; predicted number of events)
(141 missing values generated)

. gen cv2_res = dv - cv2_yhat
(141 missing values generated)

. 
. summ dv cv2_yhat

    Variable |        Obs        Mean    Std. Dev.       Min        Max
-------------+---------------------------------------------------------
          dv |      2,209    3.050702    5.441817          0         71
    cv2_yhat |      2,068    3.265093    5.276887   .0009327   62.96909

. /*
> pause "next"
> 
> scatter dv cv2_yhat
> 
> pause "next"
> 
> scatter cv2_res dv
> 
> pause "next"
> 
> scatter cv2_res cv2_yhat
> */
. pause "complete: C.V.2"

. 
. ********************************************************************************
. ********************************************************************************
. 
. // Model C.V.3
. 
. // poisson model
. /*
> glm dv `count_lag_4_vars' `covariates' ib(freq).state ib(freq).time, family(poisson) link(log) vce(cl mineid) exposure(hours) iter(50) eform
>         
> quietly poisson dv `count_lag_4_vars' `covariates' ib(freq).state ib(freq).time, vce(cl mineid) exposure(hours) iter(50) irr
> est store pois
> estat gof
>         
> pause "next"
> 
> // negative binomial model
> glm dv `count_lag_4_vars' `covariates' ib(freq).state ib(freq).time, family(nbinomial) link(log) vce(cl mineid) exposure(hours) iter(50) eform
> 
> pause "next"
> */
. eststo clear

. eststo: nbreg dv `count_lag_4_vars' `covariates' ib(freq).state ib(freq).time, vce(cl mineid) exposure(hours) iter(50) irr

Fitting Poisson model:

Iteration 0:   log pseudolikelihood =  -17559.26  
Iteration 1:   log pseudolikelihood = -7998.7664  
Iteration 2:   log pseudolikelihood = -5496.0831  
Iteration 3:   log pseudolikelihood =  -3917.594  
Iteration 4:   log pseudolikelihood = -3889.6206  
Iteration 5:   log pseudolikelihood = -3889.4836  
Iteration 6:   log pseudolikelihood = -3889.4836  

Fitting constant-only model:

Iteration 0:   log pseudolikelihood = -4080.6268  
Iteration 1:   log pseudolikelihood = -3994.7828  
Iteration 2:   log pseudolikelihood = -3990.5019  
Iteration 3:   log pseudolikelihood = -3990.4827  
Iteration 4:   log pseudolikelihood = -3990.4827  

Fitting full model:

Iteration 0:   log pseudolikelihood = -3810.5327  
Iteration 1:   log pseudolikelihood = -3768.2038  
Iteration 2:   log pseudolikelihood = -3764.5899  
Iteration 3:   log pseudolikelihood = -3764.5727  
Iteration 4:   log pseudolikelihood = -3764.5727  

Negative binomial regression                    Number of obs     =      1,995
                                                Wald chi2(60)     =          .
Dispersion           = mean                     Prob > chi2       =          .
Log pseudolikelihood = -3764.5727               Pseudo R2         =     0.0566

                                     (Std. Err. adjusted for 85 clusters in mineid)
-----------------------------------------------------------------------------------
                  |               Robust
               dv |        IRR   Std. Err.      z    P>|z|     [95% Conf. Interval]
------------------+----------------------------------------------------------------
       p48_c_4lag |   .9894983   .0213563    -0.49   0.625     .9485136    1.032254
       p75_c_4lag |   1.000509   .0004204     1.21   0.225     .9996859    1.001334
        mine_time |   .9757216   .0225284    -1.06   0.287      .932551    1.020891
onsite_insp_hours |   .9995994   .0002829    -1.42   0.157     .9990452    1.000154
                  |
            state |
              IL  |   .9199426   .1161166    -0.66   0.509     .7183246     1.17815
              IN  |   .6965159   .0728796    -3.46   0.001     .5673695     .855059
              KY  |   .8049302   .1011242    -1.73   0.084     .6292466    1.029664
              OK  |    1.21446   .1038003     2.27   0.023     1.027143    1.435938
              PA  |   1.301589   .1386698     2.47   0.013     1.056302    1.603836
              TN  |   1.039876   .2535591     0.16   0.873     .6448047    1.677008
              UT  |   1.017559   .0846796     0.21   0.834     .8644184     1.19783
              VA  |   .7028386   .0667393    -3.71   0.000     .5834831    .8466091
                  |
             time |
         2003.25  |   1.167287   .1463279     1.23   0.217      .913005    1.492388
          2003.5  |   1.228143   .1706069     1.48   0.139     .9354161    1.612476
         2003.75  |   .8520935   .1236172    -1.10   0.270     .6412087    1.132335
            2004  |   1.043468   .2132998     0.21   0.835     .6990071    1.557676
         2004.25  |   .8560684   .1418357    -0.94   0.348     .6186986    1.184508
          2004.5  |   1.183859   .2049207     0.98   0.330     .8432587    1.662031
         2004.75  |   1.056038    .212915     0.27   0.787     .7113171     1.56782
            2005  |   .9510177   .2216142    -0.22   0.829     .6023299     1.50156
         2005.25  |   1.153249   .2773154     0.59   0.553     .7198457    1.847595
          2005.5  |   1.157005   .2872036     0.59   0.557     .7112815    1.882042
         2005.75  |   1.078065   .3069939     0.26   0.792     .6169553    1.883807
            2006  |   1.005662   .3446672     0.02   0.987     .5137154    1.968709
         2006.25  |   .9521906   .3171555    -0.15   0.883     .4956851    1.829119
          2006.5  |   1.257713   .4203491     0.69   0.493      .653274    2.421406
         2006.75  |   1.177412   .4622307     0.42   0.677     .5454591    2.541528
            2007  |   .9535165   .3899974    -0.12   0.907     .4277387    2.125582
         2007.25  |   .8123164   .3655128    -0.46   0.644     .3362913    1.962162
          2007.5  |   1.326061    .654255     0.57   0.567     .5041914    3.487637
         2007.75  |   1.178921   .6117223     0.32   0.751     .4263931    3.259559
            2008  |    1.12652   .5430838     0.25   0.805     .4379084    2.897974
         2008.25  |   1.107486    .594157     0.19   0.849     .3869685    3.169573
          2008.5  |    1.10428   .5933023     0.18   0.854     .3852561    3.165255
         2008.75  |   1.006821   .5745331     0.01   0.990     .3290196    3.080935
            2009  |   .8559856   .5149141    -0.26   0.796     .2632875    2.782933
         2009.25  |   .7428214   .4717295    -0.47   0.640     .2139577    2.578937
          2009.5  |   1.033897   .6513882     0.05   0.958     .3007412    3.554361
         2009.75  |   .9147195   .6021876    -0.14   0.892     .2517191     3.32399
            2010  |   .7244218   .4755334    -0.49   0.623     .2000948    2.622691
         2010.25  |    .954179   .6617001    -0.07   0.946     .2450994    3.714647
          2010.5  |   1.372999   .9891331     0.44   0.660     .3345412    5.634963
         2010.75  |   1.055957   .7556135     0.08   0.939     .2597468    4.292817
            2011  |   .9963744   .7591387    -0.00   0.996      .223816    4.435616
         2011.25  |   .8699295   .6553183    -0.18   0.853     .1987346    3.807979
          2011.5  |   .9494686   .7587241    -0.06   0.948     .1982815     4.54652
         2011.75  |   .7822425   .6578128    -0.29   0.770     .1505008    4.065782
            2012  |    .995579   .8317611    -0.01   0.996     .1936134    5.119364
         2012.25  |   .8982719   .7915176    -0.12   0.903     .1597227    5.051834
          2012.5  |   .8715504   .7898724    -0.15   0.879     .1475238    5.149002
         2012.75  |   .9503444   .8692863    -0.06   0.956     .1582272    5.707958
            2013  |   1.028211   .9724673     0.03   0.977     .1610748    6.563518
         2013.25  |   1.056851    1.00775     0.06   0.954     .1630642     6.84966
          2013.5  |   1.091282   1.098442     0.09   0.931     .1517575    7.847363
         2013.75  |   .5805464   .6200046    -0.51   0.611     .0715783    4.708606
            2014  |   .9867543   1.055645    -0.01   0.990     .1212216    8.032265
         2014.25  |   1.226698   1.272706     0.20   0.844     .1605505     9.37268
          2014.5  |   1.337498   1.471059     0.26   0.791     .1549143    11.54768
         2014.75  |   .9966089   1.130649    -0.00   0.998      .107855    9.208933
            2015  |   .7697656   .9038254    -0.22   0.824     .0770752    7.687807
         2015.25  |   1.100766   1.321465     0.08   0.936     .1046722    11.57601
          2015.5  |    1.55538   1.869926     0.37   0.713     .1473995    16.41259
         2015.75  |   1.304356   1.549625     0.22   0.823     .1270975    13.38615
            2016  |   1.203273   1.529384     0.15   0.884     .0996484    14.52975
                  |
            _cons |   .0001799   .0000544   -28.54   0.000     .0000995    .0003252
        ln(hours) |          1  (exposure)
------------------+----------------------------------------------------------------
         /lnalpha |   -1.57877   .3075779                     -2.181611    -.975928
------------------+----------------------------------------------------------------
            alpha |   .2062287   .0634314                      .1128595    .3768425
-----------------------------------------------------------------------------------
(est1 stored)

. esttab using `"`directory'Model.`injury_label'.`time_label'.`violation_level_label'.C.V.3.csv"', replace plain wide p eform
(note: file C:/Users/slevine2/Dropbox (Stanford Law School)/R-code/Injury-Classification/Model Output + Summaries/bad/inj/V1/PS/estout 10-24/Model.PS.Q.P.C.V
> .3.csv not found)
(output written to C:/Users/slevine2/Dropbox (Stanford Law School)/R-code/Injury-Classification/Model Output + Summaries/bad/inj/V1/PS/estout 10-24/Model.PS.
> Q.P.C.V.3.csv)

. /*
> est store nbin
> 
> pause "next"
> 
> // test for over-dispersion
> lrtest pois nbin, stats force 
> 
> pause "next" 
> 
> // final model + diagnostics/assessment
> quietly nbreg dv `count_lag_4_vars' `covariates' ib(freq).state ib(freq).time, vce(cl mineid) exposure(hours) iter(50) irr
> */
. predict cv3_yhat 
(option n assumed; predicted number of events)
(214 missing values generated)

. gen cv3_res = dv - cv3_yhat
(214 missing values generated)

. 
. summ dv cv3_yhat

    Variable |        Obs        Mean    Std. Dev.       Min        Max
-------------+---------------------------------------------------------
          dv |      2,209    3.050702    5.441817          0         71
    cv3_yhat |      1,995    3.335702    5.346967    .000909   55.52713

. 
. pause "next"

. /*
> scatter dv cv3_yhat
> 
> pause "next"
> 
> scatter cv3_res dv
> 
> pause "next"
> 
> scatter cv3_res cv3_yhat
> */
. pause "complete: C.V.3"

. 
. ********************************************************************************
. ********************************************************************************
. 
. // Model C.V.4
. 
. // poisson model
. /*
> glm dv `count_lag_all_vars' `covariates' ib(freq).state ib(freq).time, family(poisson) link(log) vce(cl mineid) exposure(hours) iter(50) eform
>         
> quietly poisson dv `count_lag_all_vars' `covariates' ib(freq).state ib(freq).time, vce(cl mineid) exposure(hours) iter(50) irr
> est store pois
> estat gof
>         
> pause "next"
> 
> // negative binomial model
> glm dv `count_lag_all_vars' `covariates' ib(freq).state ib(freq).time, family(nbinomial) link(log) vce(cl mineid) exposure(hours) iter(50) eform
> 
> pause "next"
> */
. eststo clear

. eststo: nbreg dv `count_lag_all_vars' `covariates' ib(freq).state ib(freq).time, vce(cl mineid) exposure(hours) iter(50) irr

Fitting Poisson model:

Iteration 0:   log pseudolikelihood = -15875.801  
Iteration 1:   log pseudolikelihood = -7443.7512  
Iteration 2:   log pseudolikelihood = -3942.0074  
Iteration 3:   log pseudolikelihood = -2517.8594  
Iteration 4:   log pseudolikelihood = -2463.4773  
Iteration 5:   log pseudolikelihood = -2463.0512  
Iteration 6:   log pseudolikelihood = -2463.0511  

Fitting constant-only model:

Iteration 0:   log pseudolikelihood =   -2625.17  
Iteration 1:   log pseudolikelihood =  -2548.493  
Iteration 2:   log pseudolikelihood = -2543.1113  
Iteration 3:   log pseudolikelihood = -2543.0518  
Iteration 4:   log pseudolikelihood = -2543.0518  

Fitting full model:

Iteration 0:   log pseudolikelihood = -2430.9287  
Iteration 1:   log pseudolikelihood = -2399.9868  
Iteration 2:   log pseudolikelihood = -2396.6634  
Iteration 3:   log pseudolikelihood = -2396.6339  
Iteration 4:   log pseudolikelihood = -2396.6339  

Negative binomial regression                    Number of obs     =      1,209
                                                Wald chi2(47)     =          .
Dispersion           = mean                     Prob > chi2       =          .
Log pseudolikelihood = -2396.6339               Pseudo R2         =     0.0576

                                     (Std. Err. adjusted for 62 clusters in mineid)
-----------------------------------------------------------------------------------
                  |               Robust
               dv |        IRR   Std. Err.      z    P>|z|     [95% Conf. Interval]
------------------+----------------------------------------------------------------
    p48_c_lag_all |   .9949463   .0145864    -0.35   0.730     .9667643     1.02395
    p75_c_lag_all |   .9999826   .0000609    -0.29   0.775     .9998633    1.000102
        mine_time |   .9560983   .0288816    -1.49   0.137     .9011346    1.014414
onsite_insp_hours |    .999909   .0001554    -0.59   0.558     .9996044    1.000214
                  |
            state |
              IL  |   1.351134   .2037414     2.00   0.046      1.00541     1.81574
              IN  |   .8519554   .1415808    -0.96   0.335     .6151221    1.179974
              OK  |   1.515936    .192817     3.27   0.001     1.181446    1.945128
              PA  |   1.360141   .2269512     1.84   0.065     .9807395    1.886315
              TN  |   .8804633    .200274    -0.56   0.576     .5637588    1.375084
              VA  |    .866926   .1034155    -1.20   0.231     .6861867    1.095271
              WV  |   1.164393   .1777109     1.00   0.319     .8633533    1.570402
                  |
             time |
         2003.25  |   1.241703   .1414215     1.90   0.057       .99328    1.552258
          2003.5  |   1.348402   .1906985     2.11   0.035     1.021969    1.779103
         2003.75  |   1.006654   .1514852     0.04   0.965     .7495284    1.351986
            2004  |   1.167084   .2559386     0.70   0.481     .7593392    1.793777
         2004.25  |   1.034987   .1919098     0.19   0.853       .71962    1.488562
          2004.5  |   1.415518   .3002666     1.64   0.101     .9340159    2.145242
         2004.75  |   1.274382   .3009604     1.03   0.305     .8021924    2.024515
            2005  |   1.115882   .3110617     0.39   0.694     .6461575    1.927072
         2005.25  |   1.369449   .4118758     1.05   0.296     .7595181    2.469184
          2005.5  |   1.473156   .4217179     1.35   0.176     .8405751    2.581789
         2005.75  |   1.328097   .4680005     0.81   0.421     .6657022    2.649597
            2006  |    1.40846   .6329707     0.76   0.446     .5837259    3.398442
         2006.25  |   1.294329   .5648619     0.59   0.554     .5502621    3.044528
          2006.5  |   1.715607   .7296002     1.27   0.204     .7454619    3.948301
         2006.75  |   1.988181   .9831021     1.39   0.165     .7543267    5.240253
            2007  |   1.549416   .8099976     0.84   0.402     .5561354    4.316739
         2007.25  |   1.262361   .7107652     0.41   0.679     .4187156    3.805816
          2007.5  |   2.054584   1.334537     1.11   0.268     .5752191    7.338619
         2007.75  |   1.925263   1.345838     0.94   0.349     .4891763    7.577307
            2008  |   1.710933   1.103408     0.83   0.405     .4833696    6.056008
         2008.25  |   1.669743   1.197236     0.72   0.475     .4095648    6.807326
          2008.5  |   1.581243   1.163569     0.62   0.533     .3737974       6.689
         2008.75  |   1.462478   1.129391     0.49   0.623     .3219238    6.643938
            2009  |   1.639581   1.274325     0.64   0.525     .3574021    7.521574
         2009.25  |   1.571544   1.264864     0.56   0.574     .3245141    7.610612
          2009.5  |   2.030208   1.684887     0.85   0.394     .3991365    10.32666
         2009.75  |   1.951717   1.692733     0.77   0.441      .356587    10.68238
            2010  |   1.789186    1.56548     0.66   0.506     .3220192    9.940985
         2010.25  |   2.110041   1.958978     0.80   0.421     .3420021    13.01826
          2010.5  |    3.14355   2.959488     1.22   0.224     .4966591    19.89676
         2010.75  |   2.113468    2.00463     0.79   0.430      .329328    13.56322
            2011  |   2.207792    2.17558     0.80   0.422     .3200192    15.23142
         2011.25  |   2.038988   2.078049     0.70   0.485     .2766348    15.02874
          2011.5  |   2.349927   2.473873     0.81   0.417     .2985084    18.49917
         2011.75  |   2.099899   2.343477     0.66   0.506     .2356469    18.71265
            2012  |   2.525832   2.820018     0.83   0.407       .28318    22.52923
         2012.25  |    2.13215   2.564325     0.63   0.529     .2018749    22.51922
          2012.5  |   2.318634   2.701287     0.72   0.470      .236349     22.7463
         2012.75  |   1.960446   2.453765     0.54   0.591     .1686399    22.79027
            2013  |   2.879773   3.585309     0.85   0.396      .250966    33.04469
         2013.25  |   3.275728   4.072938     0.95   0.340     .2863851    37.46841
          2013.5  |   3.441108   4.349761     0.98   0.328     .2888882    40.98894
         2013.75  |   1.621378   2.246837     0.35   0.727     .1072321    24.51566
            2014  |   3.208407   4.414728     0.85   0.397     .2162952     47.5918
         2014.25  |   3.586511   4.883869     0.94   0.348     .2486355    51.73461
          2014.5  |   3.693646   5.427864     0.89   0.374     .2073016    65.81241
         2014.75  |   3.174101   4.760696     0.77   0.441     .1678574     60.0207
            2015  |   3.377283   4.971945     0.83   0.408     .1885607    60.48999
         2015.25  |   3.741247    5.70259     0.87   0.387     .1886138    74.20944
          2015.5  |   6.072014   9.368182     1.17   0.242     .2951616    124.9124
         2015.75  |   3.377123   5.331032     0.77   0.441     .1530608     74.5126
            2016  |   5.086771   8.388465     0.99   0.324     .2007924    128.8656
                  |
            _cons |   .0001801   .0000616   -25.22   0.000     .0000922     .000352
        ln(hours) |          1  (exposure)
------------------+----------------------------------------------------------------
         /lnalpha |  -1.915907    .469788                     -2.836675   -.9951399
------------------+----------------------------------------------------------------
            alpha |   .1472082   .0691566                      .0586203    .3696717
-----------------------------------------------------------------------------------
(est1 stored)

. esttab using `"`directory'Model.`injury_label'.`time_label'.`violation_level_label'.C.V.4.csv"', replace plain wide p eform
(note: file C:/Users/slevine2/Dropbox (Stanford Law School)/R-code/Injury-Classification/Model Output + Summaries/bad/inj/V1/PS/estout 10-24/Model.PS.Q.P.C.V
> .4.csv not found)
(output written to C:/Users/slevine2/Dropbox (Stanford Law School)/R-code/Injury-Classification/Model Output + Summaries/bad/inj/V1/PS/estout 10-24/Model.PS.
> Q.P.C.V.4.csv)

. /*
> est store nbin
> 
> pause "next"
> 
> // test for over-dispersion
> lrtest pois nbin, stats force 
> 
> pause "next" 
> 
> // final model + diagnostics/assessment
> quietly nbreg dv `count_lag_all_vars' `covariates' ib(freq).state ib(freq).time, vce(cl mineid) exposure(hours) iter(50) irr
> */
. predict cv4_yhat 
(option n assumed; predicted number of events)
(1,000 missing values generated)

. gen cv4_res = dv - cv4_yhat
(1,000 missing values generated)

. 
. summ dv cv4_yhat

    Variable |        Obs        Mean    Std. Dev.       Min        Max
-------------+---------------------------------------------------------
          dv |      2,209    3.050702    5.441817          0         71
    cv4_yhat |      1,209    4.150932    6.559436   .0010015     58.377

. /*
> pause "next"
> 
> scatter dv cv4_yhat
> 
> pause "next"
> 
> scatter cv4_res dv
> 
> pause "next"
> 
> scatter cv4_res cv4_yhat
> */
. pause "complete: C.V.4"

. 
. ********************************************************************************
. ********************************************************************************
. 
. // Model C.SSV.1
. 
. // poisson model
. /*
> glm dv `ss_vars' `covariates' ib(freq).state ib(freq).time, family(poisson) link(log) vce(cl mineid) exposure(hours) iter(50) eform
>         
> quietly poisson dv `count_vars' `covariates' ib(freq).state ib(freq).time, vce(cl mineid) exposure(hours) iter(50) irr
> est store pois
> estat gof
>         
> pause "next"
> 
> // negative binomial model
> glm dv `ss_vars' `covariates' ib(freq).state ib(freq).time, family(nbinomial) link(log) vce(cl mineid) exposure(hours) iter(50) eform
> 
> pause "next"
> */
. eststo clear

. eststo: nbreg dv `ss_vars' `covariates' ib(freq).state ib(freq).time, vce(cl mineid) exposure(hours) iter(50) irr

Fitting Poisson model:

Iteration 0:   log pseudolikelihood = -17465.531  
Iteration 1:   log pseudolikelihood = -8297.6576  
Iteration 2:   log pseudolikelihood = -6018.0637  
Iteration 3:   log pseudolikelihood = -4086.6236  
Iteration 4:   log pseudolikelihood = -4057.4401  
Iteration 5:   log pseudolikelihood =  -4057.285  
Iteration 6:   log pseudolikelihood =  -4057.285  

Fitting constant-only model:

Iteration 0:   log pseudolikelihood = -4240.8371  
Iteration 1:   log pseudolikelihood = -4154.1827  
Iteration 2:   log pseudolikelihood = -4149.9259  
Iteration 3:   log pseudolikelihood = -4149.9083  
Iteration 4:   log pseudolikelihood = -4149.9082  

Fitting full model:

Iteration 0:   log pseudolikelihood = -3969.7436  
Iteration 1:   log pseudolikelihood = -3927.4008  
Iteration 2:   log pseudolikelihood = -3924.0553  
Iteration 3:   log pseudolikelihood = -3924.0417  
Iteration 4:   log pseudolikelihood = -3924.0417  

Negative binomial regression                    Number of obs     =      2,114
                                                Wald chi2(60)     =          .
Dispersion           = mean                     Prob > chi2       =          .
Log pseudolikelihood = -3924.0417               Pseudo R2         =     0.0544

                                     (Std. Err. adjusted for 86 clusters in mineid)
-----------------------------------------------------------------------------------
                  |               Robust
               dv |        IRR   Std. Err.      z    P>|z|     [95% Conf. Interval]
------------------+----------------------------------------------------------------
           p48_ss |   1.008256   .0637389     0.13   0.897     .8907593    1.141251
           p75_ss |   1.006047   .0025424     2.39   0.017     1.001076    1.011042
        mine_time |   .9862726   .0199299    -0.68   0.494     .9479742    1.026118
onsite_insp_hours |   .9995798    .000208    -2.02   0.043     .9991723    .9999874
                  |
            state |
              IL  |    .987164   .1045466    -0.12   0.903     .8021248    1.214889
              IN  |   .7243757   .0720121    -3.24   0.001     .5961338    .8802054
              KY  |   .8071909   .0953423    -1.81   0.070     .6403768    1.017459
              OK  |   1.199755   .1006347     2.17   0.030     1.017875    1.414135
              PA  |   1.293409   .1350543     2.46   0.014     1.054036    1.587143
              TN  |   1.077259   .2277736     0.35   0.725     .7117765    1.630409
              UT  |   .9881494   .0793918    -0.15   0.882     .8441774    1.156675
              VA  |   .7021443   .0640036    -3.88   0.000      .587267    .8394931
                  |
             time |
         2003.25  |    1.13522   .1430034     1.01   0.314     .8868589    1.453135
          2003.5  |   1.321924   .1796088     2.05   0.040     1.012872    1.725276
         2003.75  |   .8075666   .1111832    -1.55   0.121     .6165775    1.057716
            2004  |   .9888984   .1934235    -0.06   0.954     .6740016    1.450916
         2004.25  |   .8400169   .1322665    -1.11   0.268     .6169649    1.143709
          2004.5  |    1.11744     .18021     0.69   0.491     .8146113    1.532843
         2004.75  |   .9982349   .1923621    -0.01   0.993     .6842334    1.456335
            2005  |   .8625051   .1907454    -0.67   0.504     .5591342    1.330476
         2005.25  |   .9972107   .2254247    -0.01   0.990     .6402778    1.553122
          2005.5  |   1.022529   .2306822     0.10   0.921     .6571198    1.591132
         2005.75  |   .9390997   .2413829    -0.24   0.807     .5674425    1.554181
            2006  |   .9030971   .2813961    -0.33   0.744     .4903526    1.663261
         2006.25  |   .8404948   .2542396    -0.57   0.566      .464576    1.520594
          2006.5  |   1.075028     .32218     0.24   0.809      .597474    1.934284
         2006.75  |   1.009826   .3563631     0.03   0.978     .5056627    2.016656
            2007  |   .8619926   .2991685    -0.43   0.669     .4365965    1.701872
         2007.25  |   .6823756   .2690263    -0.97   0.332     .3150922    1.477778
          2007.5  |   1.058191   .4633619     0.13   0.897     .4485789    2.496256
         2007.75  |   .9565247   .4464975    -0.10   0.924     .3831445    2.387975
            2008  |   .9187977   .3915059    -0.20   0.842     .3985816    2.117984
         2008.25  |   .8932784   .4249398    -0.24   0.812     .3516117    2.269396
          2008.5  |   .8850092   .4195791    -0.26   0.797     .3494594    2.241294
         2008.75  |   .8000499   .4051758    -0.44   0.660     .2965078    2.158728
            2009  |   .7083904   .3784261    -0.65   0.519     .2486315    2.018316
         2009.25  |   .5739112   .3227355    -0.99   0.323     .1906236    1.727877
          2009.5  |   .8047939   .4461857    -0.39   0.695     .2715001    2.385609
         2009.75  |   .7199674    .415201    -0.57   0.569     .2325037     2.22944
            2010  |   .5719269   .3299489    -0.97   0.333     .1846188    1.771761
         2010.25  |   .7078335   .4290557    -0.57   0.569     .2157607    2.322148
          2010.5  |   1.009269   .6294603     0.01   0.988     .2972554    3.426762
         2010.75  |    .792451   .4959039    -0.37   0.710     .2324359    2.701727
            2011  |   .7098553   .4751478    -0.51   0.609      .191166      2.6359
         2011.25  |   .6265148   .4140365    -0.71   0.479     .1715573    2.287987
          2011.5  |   .6929073   .4839371    -0.53   0.599     .1762718    2.723751
         2011.75  |   .5494735   .4040891    -0.81   0.416      .130006    2.322363
            2012  |   .7537373   .5551381    -0.38   0.701       .17795    3.192581
         2012.25  |   .6269293   .4821248    -0.61   0.544     .1388746    2.830183
          2012.5  |   .6087451   .4871852    -0.62   0.535     .1268264    2.921872
         2012.75  |   .6579883   .5263107    -0.52   0.601      .137202    3.155557
            2013  |   .6972631    .579428    -0.43   0.664     .1367872     3.55425
         2013.25  |   .7125715    .599537    -0.40   0.687     .1369784    3.706848
          2013.5  |   .7195123   .6403365    -0.37   0.711     .1257487    4.116924
         2013.75  |    .382222   .3628105    -1.01   0.311     .0594762    2.456339
            2014  |   .6324457   .5995133    -0.48   0.629     .0986609    4.054165
         2014.25  |   .7825994   .7127833    -0.27   0.788     .1313028    4.664499
          2014.5  |   .8251542   .7816097    -0.20   0.839     .1288999    5.282234
         2014.75  |   .6127619   .6011239    -0.50   0.618     .0895895    4.191087
            2015  |   .4664785   .4759854    -0.75   0.455     .0631368    3.446519
         2015.25  |   .6728602   .7072476    -0.38   0.706     .0857475    5.279929
          2015.5  |   .9384768    .992489    -0.06   0.952     .1180953    7.457861
         2015.75  |   .7931106   .8236708    -0.22   0.823     .1035938    6.072029
            2016  |   .7164718   .8014288    -0.30   0.766     .0799953    6.417022
                  |
            _cons |   .0001557   .0000419   -32.61   0.000     .0000919    .0002638
        ln(hours) |          1  (exposure)
------------------+----------------------------------------------------------------
         /lnalpha |  -1.537809   .2997919                     -2.125391   -.9502281
------------------+----------------------------------------------------------------
            alpha |   .2148512   .0644107                      .1193863    .3866528
-----------------------------------------------------------------------------------
(est1 stored)

. esttab using `"`directory'Model.`injury_label'.`time_label'.`violation_level_label'.C.SSV.1.csv"', replace plain wide p eform
(note: file C:/Users/slevine2/Dropbox (Stanford Law School)/R-code/Injury-Classification/Model Output + Summaries/bad/inj/V1/PS/estout 10-24/Model.PS.Q.P.C.S
> SV.1.csv not found)
(output written to C:/Users/slevine2/Dropbox (Stanford Law School)/R-code/Injury-Classification/Model Output + Summaries/bad/inj/V1/PS/estout 10-24/Model.PS.
> Q.P.C.SSV.1.csv)

. /*
> est store nbin
> 
> pause "next"
> 
> // test for over-dispersion
> lrtest pois nbin, stats force 
> 
> pause "next" 
> 
> // final model + diagnostics/assessment
> quietly nbreg dv `ss_vars' `covariates' ib(freq).state ib(freq).time, vce(cl mineid) exposure(hours) iter(50) irr
> */
. predict cssv1_yhat 
(option n assumed; predicted number of events)
(95 missing values generated)

. gen cssv1_res = dv - cssv1_yhat
(95 missing values generated)

. 
. summ dv cssv1_yhat

    Variable |        Obs        Mean    Std. Dev.       Min        Max
-------------+---------------------------------------------------------
          dv |      2,209    3.050702    5.441817          0         71
  cssv1_yhat |      2,114    3.220982    5.261461   .0009738   65.66295

. /*
> pause "next"
> 
> scatter dv cssv1_yhat
> 
> pause "next"
> 
> scatter cssv1_res dv
> 
> pause "next"
> 
> scatter cssv1_res cssv1_yhat
> */
. pause "complete: C.SSV.1"

. 
. ********************************************************************************
. ********************************************************************************
. 
. // Model C.SSV.2
. 
. // poisson model
. /*
> glm dv `ss_lag_1_vars' `covariates' ib(freq).state ib(freq).time, family(poisson) link(log) vce(cl mineid) exposure(hours) iter(50) eform
>         
> quietly poisson dv `ss_lag_1_vars' `covariates' ib(freq).state ib(freq).time, vce(cl mineid) exposure(hours) iter(50) irr
> est store pois
> estat gof
>         
> pause "next"
> 
> // negative binomial model
> glm dv `ss_lag_1_vars' `covariates' ib(freq).state ib(freq).time, family(nbinomial) link(log) vce(cl mineid) exposure(hours) iter(50) eform
> 
> pause "next"
> */
. eststo clear

. eststo: nbreg dv `ss_lag_1_vars' `covariates' ib(freq).state ib(freq).time, vce(cl mineid) exposure(hours) iter(50) irr

Fitting Poisson model:

Iteration 0:   log pseudolikelihood = -16865.886  
Iteration 1:   log pseudolikelihood = -8371.2896  
Iteration 2:   log pseudolikelihood =  -6346.947  
Iteration 3:   log pseudolikelihood = -4044.5215  
Iteration 4:   log pseudolikelihood = -4001.7243  
Iteration 5:   log pseudolikelihood = -4001.5786  
Iteration 6:   log pseudolikelihood = -4001.5786  

Fitting constant-only model:

Iteration 0:   log pseudolikelihood = -4188.2244  
Iteration 1:   log pseudolikelihood = -4100.8237  
Iteration 2:   log pseudolikelihood = -4096.4471  
Iteration 3:   log pseudolikelihood = -4096.4279  
Iteration 4:   log pseudolikelihood = -4096.4279  

Fitting full model:

Iteration 0:   log pseudolikelihood = -3917.3794  
Iteration 1:   log pseudolikelihood = -3875.7768  
Iteration 2:   log pseudolikelihood = -3872.4625  
Iteration 3:   log pseudolikelihood = -3872.4484  
Iteration 4:   log pseudolikelihood = -3872.4484  

Negative binomial regression                    Number of obs     =      2,068
                                                Wald chi2(60)     =          .
Dispersion           = mean                     Prob > chi2       =          .
Log pseudolikelihood = -3872.4484               Pseudo R2         =     0.0547

                                     (Std. Err. adjusted for 86 clusters in mineid)
-----------------------------------------------------------------------------------
                  |               Robust
               dv |        IRR   Std. Err.      z    P>|z|     [95% Conf. Interval]
------------------+----------------------------------------------------------------
      p48_ss_1lag |    .965177   .0364985    -0.94   0.349     .8962281     1.03943
      p75_ss_1lag |   1.005083   .0026132     1.95   0.051     .9999739    1.010217
        mine_time |   .9821637   .0206262    -0.86   0.391     .9425579    1.023434
onsite_insp_hours |    .999645   .0002072    -1.71   0.087     .9992389    1.000051
                  |
            state |
              IL  |   .9961401   .1034906    -0.04   0.970     .8126204    1.221105
              IN  |   .7219384   .0713053    -3.30   0.001     .5948776    .8761384
              KY  |   .8059176   .0962012    -1.81   0.071     .6377991    1.018351
              OK  |   1.213405   .1006683     2.33   0.020     1.031305    1.427658
              PA  |   1.301684   .1353605     2.54   0.011     1.061671    1.595956
              TN  |   1.053511   .2305569     0.24   0.812     .6860521    1.617787
              UT  |   .9898687   .0802953    -0.13   0.900     .8443657    1.160445
              VA  |   .7049769   .0653321    -3.77   0.000     .5878842    .8453919
                  |
             time |
         2003.25  |    1.12301   .1425751     0.91   0.361     .8756218    1.440291
          2003.5  |   1.270971   .1781746     1.71   0.087     .9656234    1.672876
         2003.75  |   .8227938   .1130733    -1.42   0.156     .6285123     1.07713
            2004  |   .9940613   .1917048    -0.03   0.975     .6811753    1.450666
         2004.25  |    .847726   .1340803    -1.04   0.296     .6217638    1.155807
          2004.5  |   1.143284   .1869519     0.82   0.413     .8297822    1.575231
         2004.75  |   1.002397   .1912059     0.01   0.990     .6897217    1.456818
            2005  |   .9062288   .1985686    -0.45   0.653     .5898296    1.392352
         2005.25  |   1.062545   .2426664     0.27   0.791     .6791225    1.662443
          2005.5  |   1.026857   .2374385     0.11   0.909     .6526611    1.615592
         2005.75  |   .9667484   .2549326    -0.13   0.898     .5765683    1.620975
            2006  |   .9348471   .2988985    -0.21   0.833     .4995582    1.749424
         2006.25  |   .8745778   .2672718    -0.44   0.661     .4804746    1.591939
          2006.5  |   1.134625   .3506065     0.41   0.683     .6191921    2.079118
         2006.75  |    1.03813   .3817719     0.10   0.919     .5049203    2.134424
            2007  |   .8783153   .3240572    -0.35   0.725     .4261839    1.810106
         2007.25  |   .7438185   .3020041    -0.73   0.466      .335632     1.64843
          2007.5  |    1.13352   .5121953     0.28   0.782     .4675228    2.748244
         2007.75  |   1.037744   .4995557     0.08   0.939     .4039552    2.665919
            2008  |   .9931361   .4367055    -0.02   0.988     .4194839    2.351269
         2008.25  |   .9723409   .4801319    -0.06   0.955      .369406     2.55937
          2008.5  |   .9755697   .4787202    -0.05   0.960     .3728778    2.552408
         2008.75  |   .8630555   .4533972    -0.28   0.779     .3082257    2.416621
            2009  |   .7258313   .3992196    -0.58   0.560     .2469792      2.1331
         2009.25  |   .6547541   .3832834    -0.72   0.469     .2078727    2.062334
          2009.5  |   .8569881   .4907155    -0.27   0.788     .2789798    2.632552
         2009.75  |   .7671955   .4604271    -0.44   0.659     .2366264    2.487418
            2010  |   .6342675   .3806122    -0.76   0.448      .195651    2.056188
         2010.25  |   .7948524   .5010801    -0.36   0.716     .2310381    2.734572
          2010.5  |   1.134395   .7367312     0.19   0.846     .3176529    4.051127
         2010.75  |   .8786946   .5711384    -0.20   0.842     .2457931    3.141277
            2011  |   .8042827   .5590073    -0.31   0.754     .2059639      3.1407
         2011.25  |   .6991669   .4799763    -0.52   0.602     .1820678    2.684903
          2011.5  |      .7572   .5514689    -0.38   0.703     .1816688    3.156028
         2011.75  |    .625879   .4778267    -0.61   0.539     .1401656    2.794727
            2012  |   .8349651   .6399667    -0.24   0.814     .1858904    3.750418
         2012.25  |   .7198983   .5773055    -0.41   0.682     .1495099    3.466348
          2012.5  |   .6849417   .5700923    -0.45   0.649     .1340231     3.50048
         2012.75  |   .7471775   .6230171    -0.35   0.727     .1457702    3.829825
            2013  |   .8051092   .6948613    -0.25   0.802     .1483245    4.370154
         2013.25  |   .8175009   .7177087    -0.23   0.818     .1462826    4.568607
          2013.5  |   .8349745   .7710835    -0.20   0.845     .1366483     5.10202
         2013.75  |   .4361086    .431027    -0.84   0.401     .0628509    3.026062
            2014  |    .751201   .7371663    -0.29   0.771     .1097634    5.141084
         2014.25  |   .9178068   .8719182    -0.09   0.928     .1425963    5.907372
          2014.5  |   .9880537    .991995    -0.01   0.990     .1380968    7.069318
         2014.75  |    .730343   .7473261    -0.31   0.759     .0982951    5.426527
            2015  |   .5519272   .5838952    -0.56   0.574      .069403    4.389201
         2015.25  |   .8047063   .8838579    -0.20   0.843     .0934783    6.927298
          2015.5  |   1.124189   1.238183     0.11   0.915      .129815    9.735399
         2015.75  |    .941775   1.020951    -0.06   0.956     .1125083    7.883332
            2016  |   .8597301   1.000561    -0.13   0.897     .0878469     8.41391
                  |
            _cons |   .0001659   .0000459   -31.45   0.000     .0000964    .0002853
        ln(hours) |          1  (exposure)
------------------+----------------------------------------------------------------
         /lnalpha |  -1.553355   .3059343                     -2.152975    -.953735
------------------+----------------------------------------------------------------
            alpha |   .2115371   .0647164                      .1161381    .3852993
-----------------------------------------------------------------------------------
(est1 stored)

. esttab using `"`directory'Model.`injury_label'.`time_label'.`violation_level_label'.C.SSV.2.csv"', replace plain wide p eform
(note: file C:/Users/slevine2/Dropbox (Stanford Law School)/R-code/Injury-Classification/Model Output + Summaries/bad/inj/V1/PS/estout 10-24/Model.PS.Q.P.C.S
> SV.2.csv not found)
(output written to C:/Users/slevine2/Dropbox (Stanford Law School)/R-code/Injury-Classification/Model Output + Summaries/bad/inj/V1/PS/estout 10-24/Model.PS.
> Q.P.C.SSV.2.csv)

. /*
> est store nbin
> 
> pause "next"
> 
> // test for over-dispersion
> lrtest pois nbin, stats force 
> 
> pause "next" 
> 
> // final model + diagnostics/assessment
> quietly nbreg dv `ss_lag_1_vars' `covariates' ib(freq).state ib(freq).time, vce(cl mineid) exposure(hours) iter(50) irr
> */
. predict cssv2_yhat 
(option n assumed; predicted number of events)
(141 missing values generated)

. gen cssv2_res = dv - cssv2_yhat
(141 missing values generated)

. 
. summ dv cssv2_yhat

    Variable |        Obs        Mean    Std. Dev.       Min        Max
-------------+---------------------------------------------------------
          dv |      2,209    3.050702    5.441817          0         71
  cssv2_yhat |      2,068    3.263564    5.255485   .0009424   64.65411

. /*
> pause "next"
> 
> scatter dv cssv2_yhat
> 
> pause "next"
> 
> scatter cssv2_res dv
> 
> pause "next"
> 
> scatter cssv2_res cssv2_yhat
> */
. pause "complete: C.SSV.2"

. 
. ********************************************************************************
. ********************************************************************************
. 
. // Model C.SSV.3
. 
. // poisson model
. /*
> glm dv `ss_lag_4_vars' `covariates' ib(freq).state ib(freq).time, family(poisson) link(log) vce(cl mineid) exposure(hours) iter(50) eform
>         
> quietly poisson dv `ss_lag_4_vars' `covariates' ib(freq).state ib(freq).time, vce(cl mineid) exposure(hours) iter(50) irr
> est store pois
> estat gof
>         
> pause "next"
> 
> // negative binomial model
> glm dv `ss_lag_4_vars' `covariates' ib(freq).state ib(freq).time, family(nbinomial) link(log) vce(cl mineid) exposure(hours) iter(50) eform
> 
> pause "next"
> */
. eststo clear

. eststo: nbreg dv `ss_lag_4_vars' `covariates' ib(freq).state ib(freq).time, vce(cl mineid) exposure(hours) iter(50) irr

Fitting Poisson model:

Iteration 0:   log pseudolikelihood = -15704.715  
Iteration 1:   log pseudolikelihood = -10182.305  
Iteration 2:   log pseudolikelihood = -4044.3391  
Iteration 3:   log pseudolikelihood = -3889.7652  
Iteration 4:   log pseudolikelihood = -3882.2049  
Iteration 5:   log pseudolikelihood = -3882.1705  
Iteration 6:   log pseudolikelihood = -3882.1705  

Fitting constant-only model:

Iteration 0:   log pseudolikelihood = -4080.6268  
Iteration 1:   log pseudolikelihood = -3994.7828  
Iteration 2:   log pseudolikelihood = -3990.5019  
Iteration 3:   log pseudolikelihood = -3990.4827  
Iteration 4:   log pseudolikelihood = -3990.4827  

Fitting full model:

Iteration 0:   log pseudolikelihood = -3809.0366  
Iteration 1:   log pseudolikelihood = -3765.3548  
Iteration 2:   log pseudolikelihood = -3761.3482  
Iteration 3:   log pseudolikelihood = -3761.3273  
Iteration 4:   log pseudolikelihood = -3761.3273  

Negative binomial regression                    Number of obs     =      1,995
                                                Wald chi2(60)     =          .
Dispersion           = mean                     Prob > chi2       =          .
Log pseudolikelihood = -3761.3273               Pseudo R2         =     0.0574

                                     (Std. Err. adjusted for 85 clusters in mineid)
-----------------------------------------------------------------------------------
                  |               Robust
               dv |        IRR   Std. Err.      z    P>|z|     [95% Conf. Interval]
------------------+----------------------------------------------------------------
    p48_ss_c_4lag |   .9890371    .045976    -0.24   0.813     .9029089    1.083381
    p75_ss_c_4lag |   1.002054   .0009822     2.09   0.036     1.000131    1.003981
        mine_time |   .9762511   .0225277    -1.04   0.298     .9330812    1.021418
onsite_insp_hours |   .9995532   .0002184    -2.05   0.041     .9991253    .9999812
                  |
            state |
              IL  |   .9783372   .1072151    -0.20   0.842     .7892346    1.212749
              IN  |   .7142437   .0755078    -3.18   0.001     .5805771    .8786844
              KY  |   .8064118   .0991111    -1.75   0.080     .6337835     1.02606
              OK  |   1.230455   .1093725     2.33   0.020     1.033724    1.464628
              PA  |   1.324957   .1402482     2.66   0.008     1.076716    1.630431
              TN  |   1.055159   .2562163     0.22   0.825     .6555818    1.698278
              UT  |   1.015861   .0842575     0.19   0.850     .8634431    1.195183
              VA  |   .7058796   .0665022    -3.70   0.000     .5868639    .8490315
                  |
             time |
         2003.25  |   1.163007   .1457185     1.21   0.228     .9097695    1.486734
          2003.5  |   1.221535   .1693149     1.44   0.149     .9309412    1.602838
         2003.75  |   .8447614   .1220955    -1.17   0.243     .6363671      1.1214
            2004  |   1.038147   .2137119     0.18   0.856     .6934762    1.554127
         2004.25  |   .8511658    .141074    -0.97   0.331     .6150838    1.177861
          2004.5  |   1.176925   .2044797     0.94   0.348     .8372605    1.654387
         2004.75  |   1.050598   .2135809     0.24   0.808     .7053288     1.56488
            2005  |   .9429385   .2207828    -0.25   0.802     .5959093    1.492061
         2005.25  |   1.137741   .2753294     0.53   0.594     .7080364    1.828232
          2005.5  |   1.131748   .2827897     0.50   0.620     .6935221    1.846883
         2005.75  |   1.052004   .2960981     0.18   0.857     .6059511    1.826407
            2006  |   .9826193   .3362962    -0.05   0.959     .5024192    1.921783
         2006.25  |   .9310603    .309889    -0.21   0.830     .4849182    1.787669
          2006.5  |   1.233879   .4132565     0.63   0.530      .640006    2.378816
         2006.75  |   1.146813   .4496462     0.35   0.727     .5318031    2.473059
            2007  |   .9355582   .3844599    -0.16   0.871     .4180965    2.093462
         2007.25  |   .7968197   .3576015    -0.51   0.613      .330638    1.920292
          2007.5  |   1.293197   .6363753     0.52   0.601     .4929385    3.392629
         2007.75  |   1.157236    .600271     0.28   0.778     .4186916    3.198523
            2008  |   1.107222     .53068     0.21   0.832     .4327753     2.83274
         2008.25  |   1.090962   .5814454     0.16   0.870      .383838     3.10078
          2008.5  |   1.083382   .5798009     0.15   0.881     .3795228    3.092609
         2008.75  |   .9807187   .5611013    -0.03   0.973     .3195539    3.009849
            2009  |   .8289897   .4970971    -0.31   0.754     .2559369     2.68513
         2009.25  |   .7167696   .4546999    -0.52   0.600     .2067282     2.48519
          2009.5  |   1.007659   .6318573     0.01   0.990     .2948244    3.444003
         2009.75  |   .9103093   .5981208    -0.14   0.886     .2511337    3.299688
            2010  |   .7169153   .4687688    -0.51   0.611     .1990185    2.582512
         2010.25  |   .9426862   .6509107    -0.09   0.932     .2435708    3.648456
          2010.5  |   1.354373   .9751916     0.42   0.674     .3302526    5.554314
         2010.75  |   1.024602   .7324782     0.03   0.973     .2523709    4.159787
            2011  |   .9583121   .7268227    -0.06   0.955     .2167311    4.237334
         2011.25  |   .8418184   .6334175    -0.23   0.819     .1926375    3.678715
          2011.5  |   .9211367   .7335387    -0.10   0.918     .1934094     4.38703
         2011.75  |   .7658533   .6426268    -0.32   0.751     .1478779    3.966322
            2012  |   .9857489   .8224548    -0.02   0.986     .1921191    5.057806
         2012.25  |   .8933494   .7869289    -0.13   0.898      .158935    5.021382
          2012.5  |   .8691743   .7891005    -0.15   0.877     .1466639    5.150986
         2012.75  |   .9552343   .8757439    -0.05   0.960     .1583951    5.760738
            2013  |   1.028657   .9730449     0.03   0.976     .1610972     6.56831
         2013.25  |   1.058053   1.007089     0.06   0.953     .1637973    6.834522
          2013.5  |   1.087136   1.095486     0.08   0.934     .1508495    7.834719
         2013.75  |   .5740116   .6159271    -0.52   0.605     .0700749    4.701957
            2014  |   .9848216   1.053152    -0.01   0.989     .1210867    8.009744
         2014.25  |   1.222877   1.268623     0.19   0.846     .1600806    9.341714
          2014.5  |   1.333652   1.465855     0.26   0.793     .1546901      11.498
         2014.75  |   .9900067      1.121    -0.01   0.993     .1075993    9.108916
            2015  |   .7642411    .896221    -0.23   0.819     .0767417    7.610785
         2015.25  |   1.089795   1.302847     0.07   0.943      .104649    11.34892
          2015.5  |   1.538606   1.847174     0.36   0.720      .146291    16.18219
         2015.75  |   1.301451   1.543027     0.22   0.824     .1274165    13.29321
            2016  |   1.205924    1.53237     0.15   0.883     .0999301     14.5527
                  |
            _cons |   .0001757   .0000527   -28.83   0.000     .0000976    .0003163
        ln(hours) |          1  (exposure)
------------------+----------------------------------------------------------------
         /lnalpha |  -1.592746   .3179827                     -2.215981   -.9695117
------------------+----------------------------------------------------------------
            alpha |   .2033663    .064667                      .1090465    .3792682
-----------------------------------------------------------------------------------
(est1 stored)

. esttab using `"`directory'Model.`injury_label'.`time_label'.`violation_level_label'.C.SSV.3.csv"', replace plain wide p eform
(note: file C:/Users/slevine2/Dropbox (Stanford Law School)/R-code/Injury-Classification/Model Output + Summaries/bad/inj/V1/PS/estout 10-24/Model.PS.Q.P.C.S
> SV.3.csv not found)
(output written to C:/Users/slevine2/Dropbox (Stanford Law School)/R-code/Injury-Classification/Model Output + Summaries/bad/inj/V1/PS/estout 10-24/Model.PS.
> Q.P.C.SSV.3.csv)

. /*
> est store nbin
> 
> pause "next"
> 
> // test for over-dispersion
> lrtest pois nbin, stats force 
> 
> pause "next" 
> 
> // final model + diagnostics/assessment
> quietly nbreg dv `ss_lag_4_vars' `covariates' ib(freq).state ib(freq).time, vce(cl mineid) exposure(hours) iter(50) irr
> */
. predict cssv3_yhat 
(option n assumed; predicted number of events)
(214 missing values generated)

. gen cssv3_res = dv - cssv3_yhat
(214 missing values generated)

. 
. summ dv cssv3_yhat

    Variable |        Obs        Mean    Std. Dev.       Min        Max
-------------+---------------------------------------------------------
          dv |      2,209    3.050702    5.441817          0         71
  cssv3_yhat |      1,995    3.337291    5.351623   .0009087   59.59562

. /*
> pause "next"
> 
> scatter dv cssv3_yhat
> 
> pause "next"
> 
> scatter cssv3_res dv
> 
> pause "next"
> 
> scatter cssv3_res cssv3_yhat
> */
. pause "complete: C.SSV.3"

. 
. ********************************************************************************
. ********************************************************************************
. 
. // Model C.SSV.4
. 
. // poisson model
. /*
> glm dv `ss_lag_all_vars' `covariates' ib(freq).state ib(freq).time, family(poisson) link(log) vce(cl mineid) exposure(hours) iter(50) eform
>         
> quietly poisson dv `ss_lag_all_vars' `covariates' ib(freq).state ib(freq).time, vce(cl mineid) exposure(hours) iter(50) irr
> est store pois
> estat gof
>         
> pause "next"
> 
> // negative binomial model
> glm dv `ss_lag_all_vars' `covariates' ib(freq).state ib(freq).time, family(nbinomial) link(log) vce(cl mineid) exposure(hours) iter(50) eform
> 
> pause "next"
> */
. eststo clear

. eststo: nbreg dv `ss_lag_all_vars' `covariates' ib(freq).state ib(freq).time, vce(cl mineid) exposure(hours) iter(50) irr

Fitting Poisson model:

Iteration 0:   log pseudolikelihood = -12778.285  
Iteration 1:   log pseudolikelihood = -5457.3858  
Iteration 2:   log pseudolikelihood = -3432.2313  
Iteration 3:   log pseudolikelihood = -2466.8972  
Iteration 4:   log pseudolikelihood = -2459.7983  
Iteration 5:   log pseudolikelihood = -2459.7891  
Iteration 6:   log pseudolikelihood = -2459.7891  

Fitting constant-only model:

Iteration 0:   log pseudolikelihood =   -2625.17  
Iteration 1:   log pseudolikelihood =  -2548.493  
Iteration 2:   log pseudolikelihood = -2543.1113  
Iteration 3:   log pseudolikelihood = -2543.0518  
Iteration 4:   log pseudolikelihood = -2543.0518  

Fitting full model:

Iteration 0:   log pseudolikelihood = -2431.0908  
Iteration 1:   log pseudolikelihood = -2399.4154  
Iteration 2:   log pseudolikelihood = -2395.7305  
Iteration 3:   log pseudolikelihood = -2395.6936  
Iteration 4:   log pseudolikelihood = -2395.6936  

Negative binomial regression                    Number of obs     =      1,209
                                                Wald chi2(47)     =          .
Dispersion           = mean                     Prob > chi2       =          .
Log pseudolikelihood = -2395.6936               Pseudo R2         =     0.0579

                                     (Std. Err. adjusted for 62 clusters in mineid)
-----------------------------------------------------------------------------------
                  |               Robust
               dv |        IRR   Std. Err.      z    P>|z|     [95% Conf. Interval]
------------------+----------------------------------------------------------------
 p48_ss_c_lag_all |    .975033   .0345032    -0.71   0.475     .9096999    1.045058
 p75_ss_c_lag_all |   1.000032   .0002916     0.11   0.913     .9994604    1.000603
        mine_time |   .9548405   .0274825    -1.61   0.108      .902467    1.010253
onsite_insp_hours |   .9998644   .0001689    -0.80   0.422     .9995334    1.000195
                  |
            state |
              IL  |   1.408386     .27005     1.79   0.074     .9671832    2.050854
              IN  |   .8672148   .1098634    -1.12   0.261     .6765375    1.111633
              OK  |   1.533474   .1994102     3.29   0.001     1.188469    1.978633
              PA  |   1.400347   .2682765     1.76   0.079     .9619749    2.038486
              TN  |    .880153   .1983466    -0.57   0.571     .5658951    1.368928
              VA  |   .8667937   .1044576    -1.19   0.236     .6844428    1.097727
              WV  |   1.179415   .1789696     1.09   0.277     .8759949    1.587931
                  |
             time |
         2003.25  |   1.243775   .1409286     1.93   0.054     .9960812    1.553063
          2003.5  |    1.35416   .1926039     2.13   0.033     1.024714    1.789524
         2003.75  |   1.010397    .150953     0.07   0.945     .7539157    1.354133
            2004  |   1.174364   .2541076     0.74   0.458     .7684592    1.794671
         2004.25  |   1.047091    .194226     0.25   0.804     .7279372    1.506172
          2004.5  |   1.434987   .3013066     1.72   0.085     .9508669     2.16559
         2004.75  |   1.288921   .2969385     1.10   0.271     .8205949     2.02453
            2005  |   1.130381   .3085418     0.45   0.653     .6620426    1.930028
         2005.25  |   1.391167   .4056769     1.13   0.258     .7855273    2.463754
          2005.5  |   1.499065   .4158298     1.46   0.144     .8703692    2.581889
         2005.75  |   1.350992   .4688991     0.87   0.386     .6842577    2.667386
            2006  |    1.43055   .6174697     0.83   0.407     .6139006    3.333558
         2006.25  |   1.313213   .5585879     0.64   0.522     .5705167    3.022748
          2006.5  |   1.754887   .7250302     1.36   0.173     .7808651    3.943868
         2006.75  |   2.026324   .9611386     1.49   0.137     .7997639    5.134003
            2007  |   1.584626   .7979927     0.91   0.361      .590575    4.251855
         2007.25  |    1.29309   .7001311     0.47   0.635     .4474595    3.736833
          2007.5  |   2.093099   1.295668     1.19   0.233     .6221283     7.04206
         2007.75  |   1.973449   1.322173     1.01   0.310     .5308076    7.336936
            2008  |   1.759516   1.082109     0.92   0.358     .5271099    5.873343
         2008.25  |   1.716498    1.18027     0.79   0.432       .44602    6.605906
          2008.5  |   1.620967   1.138784     0.69   0.492     .4090502    6.423503
         2008.75  |   1.497594   1.102503     0.55   0.583     .3537969    6.339193
            2009  |   1.674599   1.250206     0.69   0.490     .3876405    7.234236
         2009.25  |   1.602508   1.243861     0.61   0.543     .3500264    7.336684
          2009.5  |    2.07502   1.654158     0.92   0.360     .4349746    9.898755
         2009.75  |   1.995879   1.644635     0.84   0.402     .3969456    10.03546
            2010  |   1.823344    1.52306     0.72   0.472     .3546911    9.373181
         2010.25  |   2.153505   1.925696     0.86   0.391     .3732409    12.42518
          2010.5  |   3.230526   2.882867     1.31   0.189     .5619209    18.57254
         2010.75  |   2.177707    1.96214     0.86   0.388     .3724401    12.73334
            2011  |    2.28019   2.166238     0.87   0.386     .3542486    14.67689
         2011.25  |   2.093028   2.026508     0.76   0.446     .3137808    13.96124
          2011.5  |   2.419676   2.439541     0.88   0.381     .3354033    17.45609
         2011.75  |   2.156352   2.307969     0.72   0.473     .2646481    17.56995
            2012  |   2.597323   2.768937     0.90   0.371     .3214272    20.98791
         2012.25  |   2.205544    2.55901     0.68   0.495     .2269333    21.43547
          2012.5  |   2.399751   2.673314     0.79   0.432     .2703528    21.30108
         2012.75  |   2.027073   2.430381     0.59   0.556     .1933357    21.25331
            2013  |     2.9746   3.572609     0.91   0.364     .2825547    31.31515
         2013.25  |   3.381574   4.050429     1.02   0.309     .3232622    35.37391
          2013.5  |   3.574489   4.339512     1.05   0.294     .3310059    38.60044
         2013.75  |   1.662803   2.217619     0.38   0.703     .1217936    22.70162
            2014  |    3.33434   4.429559     0.91   0.365     .2467273    45.06119
         2014.25  |   3.740944   4.876313     1.01   0.311     .2906977    48.14163
          2014.5  |   3.835083   5.473722     0.94   0.346     .2338166    62.90342
         2014.75  |   3.301557   4.805258     0.82   0.412      .190474    57.22712
            2015  |   3.508423   4.995048     0.88   0.378     .2153924    57.14701
         2015.25  |   3.869278   5.699328     0.92   0.358     .2156929    69.41029
          2015.5  |   6.279552   9.347209     1.23   0.217     .3395489    116.1329
         2015.75  |   3.487279   5.254283     0.83   0.407     .1819623    66.83316
            2016  |    5.26572   8.401512     1.04   0.298     .2308642    120.1044
                  |
            _cons |    .000182    .000059   -26.57   0.000     .0000964    .0003435
        ln(hours) |          1  (exposure)
------------------+----------------------------------------------------------------
         /lnalpha |  -1.931558   .4707601                     -2.854231   -1.008885
------------------+----------------------------------------------------------------
            alpha |   .1449222   .0682236                      .0576001    .3646252
-----------------------------------------------------------------------------------
(est1 stored)

. esttab using `"`directory'Model.`injury_label'.`time_label'.`violation_level_label'.C.SSV.4.csv"', replace plain wide p eform
(note: file C:/Users/slevine2/Dropbox (Stanford Law School)/R-code/Injury-Classification/Model Output + Summaries/bad/inj/V1/PS/estout 10-24/Model.PS.Q.P.C.S
> SV.4.csv not found)
(output written to C:/Users/slevine2/Dropbox (Stanford Law School)/R-code/Injury-Classification/Model Output + Summaries/bad/inj/V1/PS/estout 10-24/Model.PS.
> Q.P.C.SSV.4.csv)

. /*
> est store nbin
> 
> pause "next"
> 
> // test for over-dispersion
> lrtest pois nbin, stats force 
> 
> pause "next" 
> 
> // final model + diagnostics/assessment
> quietly nbreg dv `ss_lag_all_vars' `covariates' ib(freq).state ib(freq).time, vce(cl mineid) exposure(hours) iter(50) irr
> */
. predict cssv4_yhat 
(option n assumed; predicted number of events)
(1,000 missing values generated)

. gen cssv4_res = dv - cssv4_yhat
(1,000 missing values generated)

. 
. summ dv cssv4_yhat

    Variable |        Obs        Mean    Std. Dev.       Min        Max
-------------+---------------------------------------------------------
          dv |      2,209    3.050702    5.441817          0         71
  cssv4_yhat |      1,209    4.152993    6.609516   .0010164   60.18456

. /*
> pause "next"
> 
> scatter dv cssv4_yhat
> 
> pause "next"
> 
> scatter cssv4_res dv
> 
> pause "next"
> 
> scatter cssv4_res cssv4_yhat
> */
. pause "complete: C.SSV.4"

. 
. ********************************************************************************
. ********************************************************************************
. 
. // Model C.PP.1
. 
. // poisson model
. /*
> glm dv `pp_vars' `covariates' ib(freq).state ib(freq).time if sample_pp == 1, family(poisson) link(log) vce(cl mineid) exposure(hours) iter(50) eform
>         
> quietly poisson dv `pp_vars' `covariates' ib(freq).state ib(freq).time if sample_pp == 1, vce(cl mineid) exposure(hours) iter(50) irr
> est store pois
> estat gof
>         
> pause "next"
> 
> // negative binomial model
> glm dv `pp_vars' `covariates' ib(freq).state ib(freq).time if sample_pp == 1, family(nbinomial) link(log) vce(cl mineid) exposure(hours) iter(50) eform
> 
> pause "next"
> */
. eststo clear

. eststo: nbreg dv `pp_vars' `covariates' ib(freq).state ib(freq).time if sample_pp == 1, vce(cl mineid) exposure(hours) iter(50) irr

Fitting Poisson model:

Iteration 0:   log pseudolikelihood = -5685.6526  
Iteration 1:   log pseudolikelihood = -4508.9845  
Iteration 2:   log pseudolikelihood = -2067.2555  
Iteration 3:   log pseudolikelihood = -2000.8861  
Iteration 4:   log pseudolikelihood = -1998.2417  
Iteration 5:   log pseudolikelihood = -1998.2336  
Iteration 6:   log pseudolikelihood = -1998.2336  

Fitting constant-only model:

Iteration 0:   log pseudolikelihood = -2158.3005  
Iteration 1:   log pseudolikelihood = -2090.4203  
Iteration 2:   log pseudolikelihood = -2084.9045  
Iteration 3:   log pseudolikelihood = -2084.8341  
Iteration 4:   log pseudolikelihood = -2084.8341  

Fitting full model:

Iteration 0:   log pseudolikelihood =  -1995.667  
Iteration 1:   log pseudolikelihood = -1977.3428  
Iteration 2:   log pseudolikelihood = -1975.3302  
Iteration 3:   log pseudolikelihood = -1975.2971  
Iteration 4:   log pseudolikelihood = -1975.2971  

Negative binomial regression                    Number of obs     =      1,139
                                                Wald chi2(43)     =          .
Dispersion           = mean                     Prob > chi2       =          .
Log pseudolikelihood = -1975.2971               Pseudo R2         =     0.0525

                                     (Std. Err. adjusted for 53 clusters in mineid)
-----------------------------------------------------------------------------------
                  |               Robust
               dv |        IRR   Std. Err.      z    P>|z|     [95% Conf. Interval]
------------------+----------------------------------------------------------------
           p48_pp |   1.000493   .0005622     0.88   0.380     .9993921    1.001596
           p75_pp |   1.000007   .0000229     0.29   0.771     .9999617    1.000052
        mine_time |   .9926671   .0258851    -0.28   0.778     .9432079     1.04472
onsite_insp_hours |   .9997292   .0003715    -0.73   0.466     .9990013    1.000458
                  |
            state |
              IL  |   1.030626   .1276364     0.24   0.808     .8085099    1.313763
              IN  |   .7267236   .0971114    -2.39   0.017     .5592731      .94431
              KY  |   .9001204   .1473494    -0.64   0.520     .6530692    1.240629
              OK  |   1.625872   .1652977     4.78   0.000     1.332132    1.984383
              PA  |   1.440811   .1590708     3.31   0.001     1.160463    1.788886
              TN  |   1.710133   .5894922     1.56   0.120      .870194    3.360808
              UT  |   .9068122    .088716    -1.00   0.317     .7485864    1.098482
              VA  |   .6289584   .0650173    -4.49   0.000     .5136067     .770217
                  |
             time |
         2007.25  |   .7785002   .1413501    -1.38   0.168     .5453916    1.111243
          2007.5  |   1.158848    .198249     0.86   0.389     .8287204    1.620486
         2007.75  |   1.061965   .2212461     0.29   0.773     .7059496    1.597521
            2008  |    .997342   .1821954    -0.01   0.988     .6971814    1.426732
         2008.25  |   .9746645   .2221385    -0.11   0.910     .6235272    1.523544
          2008.5  |   .9882166   .2198537    -0.05   0.958     .6389707    1.528352
         2008.75  |    .867997   .2126813    -0.58   0.563     .5369728    1.403086
            2009  |   .7496984    .208916    -1.03   0.301     .4341952    1.294459
         2009.25  |    .616234   .1917199    -1.56   0.120     .3349067    1.133881
          2009.5  |   .8435843   .2566751    -0.56   0.576     .4646604    1.531515
         2009.75  |   .7355811   .2513571    -0.90   0.369     .3764996    1.437132
            2010  |   .5840904   .2103109    -1.49   0.135     .2883976    1.182956
         2010.25  |   .7409136   .2834721    -0.78   0.433     .3500254    1.568323
          2010.5  |   1.037709   .4050913     0.09   0.924     .4828271    2.230283
         2010.75  |    .799965   .3232977    -0.55   0.581     .3622985    1.766345
            2011  |   .7215502   .3239395    -0.73   0.467     .2993092    1.739454
         2011.25  |   .6289461   .2942874    -0.99   0.322     .2513804    1.573604
          2011.5  |   .6734931   .3374901    -0.79   0.430     .2522276    1.798348
         2011.75  |   .5476993   .2922653    -1.13   0.259     .1924513    1.558703
            2012  |   .7010845   .3863621    -0.64   0.519     .2380565    2.064718
         2012.25  |   .5979931   .3496011    -0.88   0.379     .1901356    1.880741
          2012.5  |   .5877673   .3496885    -0.89   0.372     .1831422    1.886351
         2012.75  |   .6169603   .3853444    -0.77   0.439     .1813883    2.098482
            2013  |   .6452648   .4204836    -0.67   0.501     .1799106    2.314298
         2013.25  |   .6426062   .4209458    -0.68   0.500      .177974    2.320242
          2013.5  |   .6466634    .466383    -0.60   0.546     .1573183    2.658136
         2013.75  |   .3461005   .2780961    -1.32   0.187     .0716557    1.671681
            2014  |    .541353   .4228217    -0.79   0.432     .1171259     2.50212
         2014.25  |   .6779373   .5171891    -0.51   0.610     .1519915    3.023846
          2014.5  |   .7328353   .5802409    -0.39   0.695     .1552551    3.459129
         2014.75  |   .5389715   .4513939    -0.74   0.461     .1043942     2.78263
            2015  |   .4094295    .362421    -1.01   0.313     .0722284    2.320867
         2015.25  |   .5653862   .5204837    -0.62   0.536     .0930562    3.435145
          2015.5  |   .8037234   .7454784    -0.24   0.814     .1304941    4.950197
         2015.75  |   .6454252   .5963225    -0.47   0.636     .1055364    3.947205
            2016  |    .593514   .5890983    -0.53   0.599     .0848325    4.152404
                  |
            _cons |   .0001133   .0000843   -12.21   0.000     .0000263    .0004872
        ln(hours) |          1  (exposure)
------------------+----------------------------------------------------------------
         /lnalpha |  -2.122596   .5552529                     -3.210872    -1.03432
------------------+----------------------------------------------------------------
            alpha |   .1197204   .0664751                      .0403214    .3554679
-----------------------------------------------------------------------------------
(est1 stored)

. esttab using `"`directory'Model.`injury_label'.`time_label'.`violation_level_label'.C.PP.1.csv"', replace plain wide p eform
(note: file C:/Users/slevine2/Dropbox (Stanford Law School)/R-code/Injury-Classification/Model Output + Summaries/bad/inj/V1/PS/estout 10-24/Model.PS.Q.P.C.P
> P.1.csv not found)
(output written to C:/Users/slevine2/Dropbox (Stanford Law School)/R-code/Injury-Classification/Model Output + Summaries/bad/inj/V1/PS/estout 10-24/Model.PS.
> Q.P.C.PP.1.csv)

. /*
> est store nbin
> 
> pause "next"
> 
> // test for over-dispersion
> lrtest pois nbin, stats force 
> 
> pause "next" 
> 
> // final model + diagnostics/assessment
> quietly nbreg dv `pp_vars' `covariates' ib(freq).state ib(freq).time if sample_pp == 1, vce(cl mineid) exposure(hours) iter(50) irr
> */
. predict cpp1_yhat 
(option n assumed; predicted number of events)
(95 missing values generated)

. gen cpp1_res = dv - cpp1_yhat
(95 missing values generated)

. 
. summ dv cpp1_yhat

    Variable |        Obs        Mean    Std. Dev.       Min        Max
-------------+---------------------------------------------------------
          dv |      2,209    3.050702    5.441817          0         71
   cpp1_yhat |      2,114    2.907778    4.478307   .0009207   40.71012

. /*
> pause "next"
> 
> scatter dv cpp1_yhat
> 
> pause "next"
> 
> scatter cpp1_res dv
> 
> pause "next"
> 
> scatter cpp1_res cpp1_yhat
> */
. pause "complete: C.PP.1"

. 
. ********************************************************************************
. ********************************************************************************
. 
. // Model C.PP.2
. 
. // poisson model
. /*
> glm dv `pp_lag_1_vars' `covariates' ib(freq).state ib(freq).time if sample_pp == 1, family(poisson) link(log) vce(cl mineid) exposure(hours) iter(50) eform
>         
> quietly poisson dv `pp_lag_1_vars' `covariates' ib(freq).state ib(freq).time if sample_pp == 1, vce(cl mineid) exposure(hours) iter(50) irr
> est store pois
> estat gof
>         
> pause "next"
> 
> // negative binomial model
> glm dv `pp_lag_1_vars' `covariates' ib(freq).state ib(freq).time if sample_pp == 1, family(nbinomial) link(log) vce(cl mineid) exposure(hours) iter(50) efo
> rm
> 
> pause "next"
> */
. eststo clear

. eststo: nbreg dv `pp_lag_1_vars' `covariates' ib(freq).state ib(freq).time if sample_pp == 1, vce(cl mineid) exposure(hours) iter(50) irr

Fitting Poisson model:

Iteration 0:   log pseudolikelihood = -5505.5734  
Iteration 1:   log pseudolikelihood = -3932.3926  
Iteration 2:   log pseudolikelihood = -2041.4107  
Iteration 3:   log pseudolikelihood =  -1982.967  
Iteration 4:   log pseudolikelihood = -1981.7304  
Iteration 5:   log pseudolikelihood = -1981.7279  
Iteration 6:   log pseudolikelihood = -1981.7279  

Fitting constant-only model:

Iteration 0:   log pseudolikelihood = -2143.1007  
Iteration 1:   log pseudolikelihood = -2074.7814  
Iteration 2:   log pseudolikelihood = -2069.1018  
Iteration 3:   log pseudolikelihood = -2069.0243  
Iteration 4:   log pseudolikelihood = -2069.0243  

Fitting full model:

Iteration 0:   log pseudolikelihood = -1978.1493  
Iteration 1:   log pseudolikelihood = -1960.0539  
Iteration 2:   log pseudolikelihood = -1958.1248  
Iteration 3:   log pseudolikelihood = -1958.0921  
Iteration 4:   log pseudolikelihood = -1958.0921  

Negative binomial regression                    Number of obs     =      1,119
                                                Wald chi2(44)     =          .
Dispersion           = mean                     Prob > chi2       =          .
Log pseudolikelihood = -1958.0921               Pseudo R2         =     0.0536

                                     (Std. Err. adjusted for 52 clusters in mineid)
-----------------------------------------------------------------------------------
                  |               Robust
               dv |        IRR   Std. Err.      z    P>|z|     [95% Conf. Interval]
------------------+----------------------------------------------------------------
      p48_pp_1lag |   .9992943   .0005175    -1.36   0.173     .9982806    1.000309
      p75_pp_1lag |    1.00001   .0000167     0.60   0.547     .9999773    1.000043
        mine_time |   .9892451   .0281037    -0.38   0.703     .9356683     1.04589
onsite_insp_hours |   .9997162    .000271    -1.05   0.295     .9991852    1.000247
                  |
            state |
              IL  |   1.052309   .1344455     0.40   0.690     .8192036    1.351745
              IN  |   .7520968   .1030689    -2.08   0.038     .5749411    .9838392
              KY  |   .9015954   .1467236    -0.64   0.524     .6553738    1.240322
              OK  |   1.642252   .1655752     4.92   0.000     1.347783    2.001058
              PA  |   1.462898   .1617141     3.44   0.001     1.177929    1.816807
              TN  |   1.712662   .6396343     1.44   0.150     .8237019    3.561009
              UT  |   .9063093   .0919466    -0.97   0.332     .7428833    1.105687
              VA  |   .6291264   .0654198    -4.46   0.000     .5131278    .7713477
                  |
             time |
            2007  |   1.200654   .1942757     1.13   0.258     .8743525    1.648729
          2007.5  |   1.479231    .240714     2.41   0.016     1.075278    2.034938
         2007.75  |   1.380066   .2309475     1.92   0.054     .9941579    1.915775
            2008  |   1.287375   .2003877     1.62   0.105     .9488779    1.746625
         2008.25  |   1.247796   .2400181     1.15   0.250     .8558784    1.819179
          2008.5  |   1.254051   .2633641     1.08   0.281     .8309098    1.892678
         2008.75  |   1.102484   .2588316     0.42   0.678     .6958803    1.746666
            2009  |   .9508405   .2431525    -0.20   0.844     .5760168    1.569568
         2009.25  |   .8003363   .2297819    -0.78   0.438     .4559181    1.404941
          2009.5  |     1.0683   .3235568     0.22   0.827     .5900509    1.934182
         2009.75  |    .935445   .3051174    -0.20   0.838     .4936042    1.772791
            2010  |   .7471074   .2712504    -0.80   0.422     .3667241    1.522042
         2010.25  |   .9592695   .3750779    -0.11   0.915     .4457771    2.064256
          2010.5  |   1.361511   .5280296     0.80   0.426     .6366532    2.911652
         2010.75  |    1.05379   .4234072     0.13   0.896     .4794527    2.316127
            2011  |   .9737427   .4326938    -0.06   0.952     .4075707    2.326406
         2011.25  |   .8302474   .3821425    -0.40   0.686     .3368374     2.04642
          2011.5  |   .8737037   .4372074    -0.27   0.787     .3276551    2.329761
         2011.75  |   .7192063   .3843189    -0.62   0.537     .2523485    2.049775
            2012  |   .9198358   .5078987    -0.15   0.880     .3116799    2.714637
         2012.25  |   .7911878   .4753216    -0.39   0.697     .2437269    2.568359
          2012.5  |    .777297   .4688291    -0.42   0.676     .2383318    2.535081
         2012.75  |   .8228574   .5226525    -0.31   0.759     .2369565    2.857462
            2013  |   .8613081    .568283    -0.23   0.821     .2363435     3.13887
         2013.25  |   .8644553   .5802914    -0.22   0.828     .2319252    3.222085
          2013.5  |   .8724579   .6362455    -0.19   0.852     .2089298    3.643247
         2013.75  |    .466958   .3823067    -0.93   0.352     .0938392    2.323654
            2014  |   .7533168   .6050438    -0.35   0.724     .1560686    3.636133
         2014.25  |   .9416607   .7374392    -0.08   0.939     .2029066    4.370113
          2014.5  |   1.020478   .8574067     0.02   0.981     .1966179    5.296441
         2014.75  |   .7435369   .6488359    -0.34   0.734     .1344358    4.112352
            2015  |    .562528    .512971    -0.63   0.528      .094174     3.36014
         2015.25  |   .7867672   .7485688    -0.25   0.801      .121891    5.078331
          2015.5  |   1.122668   1.086619     0.12   0.905     .1684154    7.483772
         2015.75  |   .8998485   .8691706    -0.11   0.913      .135515    5.975188
            2016  |    .836247   .8634238    -0.17   0.862     .1105275    6.327016
                  |
            _cons |   .0000997   .0000857   -10.72   0.000     .0000185    .0005374
        ln(hours) |          1  (exposure)
------------------+----------------------------------------------------------------
         /lnalpha |  -2.134031   .5437637                     -3.199789   -1.068274
------------------+----------------------------------------------------------------
            alpha |   .1183592   .0643594                      .0407708    .3436011
-----------------------------------------------------------------------------------
(est1 stored)

. esttab using `"`directory'Model.`injury_label'.`time_label'.`violation_level_label'.C.PP.2.csv"', replace plain wide p eform
(note: file C:/Users/slevine2/Dropbox (Stanford Law School)/R-code/Injury-Classification/Model Output + Summaries/bad/inj/V1/PS/estout 10-24/Model.PS.Q.P.C.P
> P.2.csv not found)
(output written to C:/Users/slevine2/Dropbox (Stanford Law School)/R-code/Injury-Classification/Model Output + Summaries/bad/inj/V1/PS/estout 10-24/Model.PS.
> Q.P.C.PP.2.csv)

. /*
> est store nbin
> 
> pause "next"
> 
> // test for over-dispersion
> lrtest pois nbin, stats force 
> 
> pause "next" 
> 
> // final model + diagnostics/assessment
> quietly nbreg dv `pp_lag_1_vars' `covariates' ib(freq).state ib(freq).time if sample_pp == 1, vce(cl mineid) exposure(hours) iter(50) irr
> */
. predict cpp2_yhat 
(option n assumed; predicted number of events)
(141 missing values generated)

. gen cpp2_res = dv - cpp2_yhat
(141 missing values generated)

. 
. summ dv cpp2_yhat

    Variable |        Obs        Mean    Std. Dev.       Min        Max
-------------+---------------------------------------------------------
          dv |      2,209    3.050702    5.441817          0         71
   cpp2_yhat |      2,068    2.708265    4.107699   .0008383   44.21599

. /*
> pause "next"
> 
> scatter dv cpp2_yhat
> 
> pause "next"
> 
> scatter cpp2_res dv
> 
> pause "next"
> 
> scatter cpp2_res cpp2_yhat
> */
. pause "complete: C.PP.2"

. 
. ********************************************************************************
. ********************************************************************************
. 
. // Model C.PP.3
. 
. // poisson model
. /*
> glm dv `pp_lag_4_vars' `covariates' ib(freq).state ib(freq).time if sample_pp == 1, family(poisson) link(log) vce(cl mineid) exposure(hours) iter(50) eform
>         
> quietly poisson dv `pp_lag_4_vars' `covariates' ib(freq).state ib(freq).time if sample_pp == 1, vce(cl mineid) exposure(hours) iter(50) irr
> est store pois
> estat gof
>         
> pause "next"
> 
> // negative binomial model
> glm dv `pp_lag_4_vars' `covariates' ib(freq).state ib(freq).time if sample_pp == 1, family(nbinomial) link(log) vce(cl mineid) exposure(hours) iter(50) efo
> rm
> 
> pause "next"
> */
. eststo clear

. eststo: nbreg dv `pp_lag_4_vars' `covariates' ib(freq).state ib(freq).time if sample_pp == 1, vce(cl mineid) exposure(hours) iter(50) irr

Fitting Poisson model:

Iteration 0:   log pseudolikelihood = -5327.9563  
Iteration 1:   log pseudolikelihood = -3693.8166  
Iteration 2:   log pseudolikelihood = -1995.0646  
Iteration 3:   log pseudolikelihood = -1946.7555  
Iteration 4:   log pseudolikelihood = -1945.9455  
Iteration 5:   log pseudolikelihood = -1945.9448  
Iteration 6:   log pseudolikelihood = -1945.9448  

Fitting constant-only model:

Iteration 0:   log pseudolikelihood = -2105.5309  
Iteration 1:   log pseudolikelihood = -2038.6559  
Iteration 2:   log pseudolikelihood = -2033.1987  
Iteration 3:   log pseudolikelihood = -2033.1246  
Iteration 4:   log pseudolikelihood = -2033.1246  

Fitting full model:

Iteration 0:   log pseudolikelihood = -1942.6231  
Iteration 1:   log pseudolikelihood = -1924.7051  
Iteration 2:   log pseudolikelihood = -1922.8122  
Iteration 3:   log pseudolikelihood = -1922.7801  
Iteration 4:   log pseudolikelihood = -1922.7801  

Negative binomial regression                    Number of obs     =      1,092
                                                Wald chi2(43)     =          .
Dispersion           = mean                     Prob > chi2       =          .
Log pseudolikelihood = -1922.7801               Pseudo R2         =     0.0543

                                     (Std. Err. adjusted for 51 clusters in mineid)
-----------------------------------------------------------------------------------
                  |               Robust
               dv |        IRR   Std. Err.      z    P>|z|     [95% Conf. Interval]
------------------+----------------------------------------------------------------
    p48_pp_c_4lag |   .9997648    .000304    -0.77   0.439     .9991692    1.000361
    p75_pp_c_4lag |   1.000003   5.87e-06     0.45   0.653     .9999911    1.000014
        mine_time |   .9862436   .0332283    -0.41   0.681     .9232211    1.053568
onsite_insp_hours |   .9997391   .0003063    -0.85   0.394     .9991388     1.00034
                  |
            state |
              IL  |   1.056494   .1433702     0.40   0.685     .8097592     1.37841
              IN  |    .752466   .1127851    -1.90   0.058     .5609221    1.009418
              KY  |   .8962025   .1503669    -0.65   0.514     .6450444    1.245153
              OK  |   1.652663   .1654013     5.02   0.000     1.358297    2.010824
              PA  |    1.48143   .1663462     3.50   0.000     1.188781    1.846123
              TN  |   1.783499   .7915146     1.30   0.192     .7473271    4.256327
              UT  |   .9112441   .0975074    -0.87   0.385      .738843    1.123873
              VA  |   .6319077   .0674929    -4.30   0.000     .5125526    .7790564
                  |
             time |
         2007.25  |   .8365728   .1469087    -1.02   0.310      .592961     1.18027
          2007.5  |   1.327615   .2164355     1.74   0.082     .9645043    1.827426
         2007.75  |   1.187128   .2471279     0.82   0.410     .7894065    1.785232
            2008  |   1.116314   .2171177     0.57   0.572      .762486    1.634335
         2008.25  |    1.09313   .2830072     0.34   0.731     .6581106    1.815702
          2008.5  |   1.085855   .2875185     0.31   0.756     .6462284    1.824557
         2008.75  |   .9601956   .2715691    -0.14   0.886     .5515908    1.671485
            2009  |   .8262663   .2663675    -0.59   0.554     .4392523    1.554269
         2009.25  |   .6921499   .2507619    -1.02   0.310     .3402631    1.407945
          2009.5  |   .9515274   .3508253    -0.13   0.893     .4619403    1.960003
         2009.75  |   .8277861   .3368189    -0.46   0.642     .3728822    1.837658
            2010  |   .6441309   .2840721    -1.00   0.319     .2713817     1.52886
         2010.25  |   .8524771   .4015967    -0.34   0.735        .3386    2.146241
          2010.5  |   1.194889   .5859234     0.36   0.717     .4570189    3.124072
         2010.75  |   .9113259   .4643447    -0.18   0.855     .3357098    2.473908
            2011  |   .8609328   .4720951    -0.27   0.785     .2939073    2.521902
         2011.25  |   .7433327   .4259253    -0.52   0.605     .2417964    2.285161
          2011.5  |   .7903621   .4904002    -0.38   0.705     .2342483    2.666709
         2011.75  |   .6536169   .4313597    -0.64   0.519     .1792941    2.382761
            2012  |   .7917073    .531715    -0.35   0.728     .2122721    2.952815
         2012.25  |   .7121822   .5211724    -0.46   0.643     .1697012    2.988804
          2012.5  |   .7030611   .5184114    -0.48   0.633     .1657098    2.982894
         2012.75  |   .7447102   .5801805    -0.38   0.705     .1617494    3.428719
            2013  |   .7857219   .6397461    -0.30   0.767     .1592973    3.875515
         2013.25  |   .7870398   .6423923    -0.29   0.769     .1589406    3.897253
          2013.5  |   .7986701   .7150773    -0.25   0.802     .1381201    4.618255
         2013.75  |   .4315515   .4234236    -0.86   0.392     .0630758    2.952586
            2014  |   .6937629   .6718726    -0.38   0.706     .1039603     4.62972
         2014.25  |   .8691212   .8337058    -0.15   0.884     .1326063     5.69635
          2014.5  |   .9509533   .9678461    -0.05   0.961      .129371    6.990071
         2014.75  |   .6951746   .7438033    -0.34   0.734     .0853787    5.660287
            2015  |   .5318311   .5943834    -0.56   0.572     .0594917    4.754346
         2015.25  |   .7398117   .8565354    -0.26   0.795      .076493    7.155186
          2015.5  |   1.048614   1.217967     0.04   0.967     .1076324    10.21617
         2015.75  |   .8474215   .9944257    -0.14   0.888     .0849646    8.452028
            2016  |   .7929444   .9853124    -0.19   0.852     .0694288     9.05619
                  |
            _cons |   .0001268   .0001242    -9.16   0.000     .0000186    .0008653
        ln(hours) |          1  (exposure)
------------------+----------------------------------------------------------------
         /lnalpha |  -2.134373    .555514                     -3.223161   -1.045586
------------------+----------------------------------------------------------------
            alpha |   .1183187   .0657277                       .039829    .3514858
-----------------------------------------------------------------------------------
(est1 stored)

. esttab using `"`directory'Model.`injury_label'.`time_label'.`violation_level_label'.C.PP.3.csv"', replace plain wide p eform
(note: file C:/Users/slevine2/Dropbox (Stanford Law School)/R-code/Injury-Classification/Model Output + Summaries/bad/inj/V1/PS/estout 10-24/Model.PS.Q.P.C.P
> P.3.csv not found)
(output written to C:/Users/slevine2/Dropbox (Stanford Law School)/R-code/Injury-Classification/Model Output + Summaries/bad/inj/V1/PS/estout 10-24/Model.PS.
> Q.P.C.PP.3.csv)

. /*
> est store nbin
> 
> pause "next"
> 
> // test for over-dispersion
> lrtest pois nbin, stats force 
> 
> pause "next" 
> 
> // final model + diagnostics/assessment
> quietly nbreg dv `pp_lag_4_vars' `covariates' ib(freq).state ib(freq).time if sample_pp == 1, vce(cl mineid) exposure(hours) iter(50) irr
> */
. predict cpp3_yhat 
(option n assumed; predicted number of events)
(214 missing values generated)

. gen cpp3_res = dv - cpp3_yhat
(214 missing values generated)

. 
. summ dv cpp3_yhat

    Variable |        Obs        Mean    Std. Dev.       Min        Max
-------------+---------------------------------------------------------
          dv |      2,209    3.050702    5.441817          0         71
   cpp3_yhat |      1,995    3.000737    4.557508   .0008715   43.22585

. /*
> pause "next"
> 
> scatter dv cpp3_yhat
> 
> pause "next"
> 
> scatter cpp3_res dv
> 
> pause "next"
> 
> scatter cpp3_res cpp3_yhat
> */
. pause "complete: C.PP.3"

. 
. ********************************************************************************
. ********************************************************************************
. 
. // Model C.PP.4
. 
. // poisson model
. /*
> glm dv `pp_lag_all_vars' `covariates' ib(freq).state ib(freq).time if sample_pp == 1, family(poisson) link(log) vce(cl mineid) exposure(hours) iter(50) efo
> rm
>         
> quietly poisson dv `pp_lag_all_vars' `covariates' ib(freq).state ib(freq).time if sample_pp == 1, vce(cl mineid) exposure(hours) iter(50) irr
> est store pois
> estat gof
>         
> pause "next"
> 
> // negative binomial model
> glm dv `pp_lag_all_vars' `covariates' ib(freq).state ib(freq).time if sample_pp == 1, family(nbinomial) link(log) vce(cl mineid) exposure(hours) iter(50) e
> form
> 
> pause "next"
> */ 
. eststo clear

. eststo: nbreg dv `pp_lag_all_vars' `covariates' ib(freq).state ib(freq).time if sample_pp == 1, vce(cl mineid) exposure(hours) iter(50) irr

Fitting Poisson model:

Iteration 0:   log pseudolikelihood = -4825.4308  
Iteration 1:   log pseudolikelihood = -2273.5175  
Iteration 2:   log pseudolikelihood = -1236.8085  
Iteration 3:   log pseudolikelihood = -1096.7806  
Iteration 4:   log pseudolikelihood = -1095.2517  
Iteration 5:   log pseudolikelihood = -1095.2506  
Iteration 6:   log pseudolikelihood = -1095.2506  

Fitting constant-only model:

Iteration 0:   log pseudolikelihood = -1213.0456  
Iteration 1:   log pseudolikelihood = -1160.0811  
Iteration 2:   log pseudolikelihood = -1154.5948  
Iteration 3:   log pseudolikelihood = -1154.3745  
Iteration 4:   log pseudolikelihood = -1154.3743  
Iteration 5:   log pseudolikelihood = -1154.3743  

Fitting full model:

Iteration 0:   log pseudolikelihood = -1101.7145  
Iteration 1:   log pseudolikelihood = -1088.0123  
Iteration 2:   log pseudolikelihood = -1086.2438  
Iteration 3:   log pseudolikelihood =  -1086.185  
Iteration 4:   log pseudolikelihood =  -1086.185  

Negative binomial regression                    Number of obs     =        576
                                                Wald chi2(23)     =          .
Dispersion           = mean                     Prob > chi2       =          .
Log pseudolikelihood =  -1086.185               Pseudo R2         =     0.0591

                                     (Std. Err. adjusted for 26 clusters in mineid)
-----------------------------------------------------------------------------------
                  |               Robust
               dv |        IRR   Std. Err.      z    P>|z|     [95% Conf. Interval]
------------------+----------------------------------------------------------------
 p48_pp_c_lag_all |   .9997885   .0003238    -0.65   0.514      .999154    1.000423
 p75_pp_c_lag_all |   .9999986   1.18e-06    -1.21   0.225     .9999963    1.000001
        mine_time |   .9711638   .0525485    -0.54   0.589     .8734438    1.079817
onsite_insp_hours |   .9999132    .000154    -0.56   0.573     .9996115    1.000215
                  |
            state |
              IL  |   1.615908   .4871661     1.59   0.111     .8949425    2.917682
              IN  |   .9093671   .2382739    -0.36   0.717     .5441341    1.519751
              OK  |   1.820064    .247991     4.40   0.000       1.3935    2.377203
              PA  |   1.199944    .193543     1.13   0.258     .8747174    1.646092
              VA  |   .5927527   .0767616    -4.04   0.000     .4598781    .7640193
              WV  |   .9399915   .1592831    -0.37   0.715     .6743517    1.310272
                  |
             time |
         2007.25  |   .7858986   .1535629    -1.23   0.218     .5358504    1.152629
          2007.5  |   1.267488   .2426823     1.24   0.216     .8708964    1.844679
         2007.75  |   1.197077   .3390191     0.64   0.525     .6871582     2.08539
            2008  |   1.066053   .3211491     0.21   0.832     .5906818    1.923994
         2008.25  |   1.052173   .3777093     0.14   0.887     .5206221    2.126433
          2008.5  |   1.001903   .3811174     0.00   0.996     .4753723    2.111627
         2008.75  |   .9051272   .3870461    -0.23   0.816     .3914921    2.092648
            2009  |   1.024911   .4772027     0.05   0.958     .4114937    2.552754
         2009.25  |   .9354499   .4797253    -0.13   0.896     .3423735    2.555882
          2009.5  |   1.222548   .6796297     0.36   0.718     .4112184    3.634624
         2009.75  |   1.157558   .7439585     0.23   0.820      .328457    4.079501
            2010  |   1.023297   .7119785     0.03   0.974     .2616747    4.001672
         2010.25  |   1.249211   .8983048     0.31   0.757      .305168    5.113672
          2010.5  |   1.836813    1.39082     0.80   0.422     .4164298     8.10192
         2010.75  |   1.234276    .977015     0.27   0.790     .2615938    5.823677
            2011  |   1.282308   1.061049     0.30   0.764     .2533167    6.491139
         2011.25  |   1.162274   1.078535     0.16   0.871     .1885531    7.164459
          2011.5  |    1.28478   1.270546     0.25   0.800     .1849516    8.924824
         2011.75  |   1.210822   1.256242     0.18   0.854     .1584707     9.25149
            2012  |   1.369023   1.512142     0.28   0.776     .1571171    11.92883
         2012.25  |   1.148247   1.365849     0.12   0.907     .1115642    11.81805
          2012.5  |   1.320259   1.502247     0.24   0.807     .1419469    12.27984
         2012.75  |   1.121965   1.407667     0.09   0.927     .0959455    13.12001
            2013  |   1.506508   1.937931     0.32   0.750     .1210622     18.7471
         2013.25  |   1.682383   2.181601     0.40   0.688     .1324779    21.36516
          2013.5  |   1.795451   2.424099     0.43   0.665     .1273319    25.31686
         2013.75  |   .8537646   1.262703    -0.11   0.915     .0470355    15.49709
            2014  |   1.539757   2.328413     0.29   0.775     .0794821    29.82875
         2014.25  |   1.774998   2.720971     0.37   0.708      .087974    35.81305
          2014.5  |   1.901883   3.089292     0.40   0.692     .0788041    45.90064
         2014.75  |   1.534137   2.599193     0.25   0.801     .0554277    42.46214
            2015  |   1.636207   2.758737     0.29   0.770      .060071    44.56683
         2015.25  |   1.748259   3.117645     0.31   0.754     .0530482    57.61573
          2015.5  |   2.905349    5.13972     0.60   0.547     .0906519    93.11506
         2015.75  |   1.565656   2.945698     0.24   0.812     .0391929    62.54405
            2016  |   2.318974    4.59708     0.42   0.671     .0476315     112.901
                  |
            _cons |   .0001904   .0002841    -5.74   0.000     .0000102     .003544
        ln(hours) |          1  (exposure)
------------------+----------------------------------------------------------------
         /lnalpha |  -2.757881   .7862922                     -4.298986   -1.216777
------------------+----------------------------------------------------------------
            alpha |    .063426   .0498714                      .0135823    .2961833
-----------------------------------------------------------------------------------
(est1 stored)

. esttab using `"`directory'Model.`injury_label'.`time_label'.`violation_level_label'.C.PP.4.csv"', replace plain wide p eform
(note: file C:/Users/slevine2/Dropbox (Stanford Law School)/R-code/Injury-Classification/Model Output + Summaries/bad/inj/V1/PS/estout 10-24/Model.PS.Q.P.C.P
> P.4.csv not found)
(output written to C:/Users/slevine2/Dropbox (Stanford Law School)/R-code/Injury-Classification/Model Output + Summaries/bad/inj/V1/PS/estout 10-24/Model.PS.
> Q.P.C.PP.4.csv)

. /*
> est store nbin
> 
> pause "next"
> 
> // test for over-dispersion
> lrtest pois nbin, stats force 
> 
> pause "next"
> 
> // final model + diagnostics/assessment
> quietly nbreg dv `pp_lag_all_vars' `covariates' ib(freq).state ib(freq).time if sample_pp == 1, vce(cl mineid) exposure(hours) iter(50) irr
> */
. predict cpp4_yhat 
(option n assumed; predicted number of events)
(1,000 missing values generated)

. gen cpp4_res = dv - cpp4_yhat
(1,000 missing values generated)

. 
. summ dv cpp4_yhat

    Variable |        Obs        Mean    Std. Dev.       Min        Max
-------------+---------------------------------------------------------
          dv |      2,209    3.050702    5.441817          0         71
   cpp4_yhat |      1,209    4.349385    8.101949    .000828   72.05562

. /*
> pause "next"
> 
> scatter dv cpp4_yhat
> 
> pause "next"
> 
> scatter cpp4_res dv
> 
> pause "next"
> 
> scatter cpp4_res cpp4_yhat
> */
. pause "complete: C.PP.4"

. 
. ********************************************************************************
. ********************************************************************************
. 
. // Model B.V.1
. 
. eststo clear

. capture eststo: logit dv_indicator `count_vars' `covariates' ib(freq).state ib(freq).time, vce(cl mineid) offset(lnhours) iter(50) or

. capture local rc = _rc 

. 
. if "`rc'" == "" {
.         esttab using `"`directory'Model.`injury_label'.`time_label'.`violation_level_label'.B.V.1.csv"', replace plain wide p eform
. 
.         pause "next"
. 
.         // diagnostics/assessment
.         lfit
. 
.         pause "next"
. 
.         linktest
. 
.         pause "next"
. 
.         estat classification
. 
.         pause "next"
. 
.         predict bv1_yhat 
.         gen bv1_res = dv_indicator - bv1_yhat
. 
.         summ dv_indicator bv1_yhat
.         /*
>         pause "next"
> 
>         scatter dv_indicator bv1_yhat
> 
>         pause "next"
> 
>         scatter bv1_res dv_indicator
> 
>         pause "next"
> 
>         scatter bv1_res bv1_yhat
>         */
.         pause "complete: B.V.1"
. }

. ********************************************************************************
. ********************************************************************************
. 
. // Model B.V.2
. 
. eststo clear

. capture eststo: logit dv_indicator `count_lag_1_vars' `covariates' ib(freq).state ib(freq).time, vce(cl mineid) offset(lnhours) iter(50) or

. capture local rc = _rc 

. 
. if "`rc'" == "" {
.         esttab using `"`directory'Model.`injury_label'.`time_label'.`violation_level_label'.B.V.2.csv"', replace plain wide p eform
. 
.         pause "next"
. 
.         // diagnostics/assessment
.         lfit
. 
.         pause "next"
. 
.         linktest
. 
.         pause "next"
. 
.         estat classification
. 
.         pause "next"
. 
.         predict bv2_yhat 
.         gen bv2_res = dv_indicator - bv2_yhat
. 
.         summ dv_indicator bv2_yhat
.         /*
>         pause "next"
> 
>         scatter dv_indicator bv2_yhat
> 
>         pause "next"
> 
>         scatter bv2_res dv_indicator
> 
>         pause "next"
> 
>         scatter bv2_res bv2_yhat
>         */
.         pause "complete: B.V.2"
. }

. ********************************************************************************
. ********************************************************************************
. 
. // Model B.V.3
. 
. eststo clear

. capture eststo: logit dv_indicator `count_lag_4_vars' `covariates' ib(freq).state ib(freq).time, vce(cl mineid) offset(lnhours) iter(50) or

. capture local rc = _rc 

. 
. if "`rc'" == "" {
.         esttab using `"`directory'Model.`injury_label'.`time_label'.`violation_level_label'.B.V.3.csv"', replace plain wide p eform
. 
.         pause "next"
. 
.         // diagnostics/assessment
.         lfit
. 
.         pause "next"
. 
.         linktest
. 
.         pause "next"
. 
.         estat classification
. 
.         pause "next"
. 
.         predict bv3_yhat 
.         gen bv3_res = dv_indicator - bv3_yhat
. 
.         summ dv_indicator bv3_yhat
.         /*
>         pause "next"
> 
>         scatter dv_indicator bv3_yhat
> 
>         pause "next"
> 
>         scatter bv3_res dv_indicator
> 
>         pause "next"
> 
>         scatter bv3_res bv3_yhat
>         */
.         pause "complete: B.V.3"
. }

. ********************************************************************************
. ********************************************************************************
. 
. // Model B.V.4
. 
. eststo clear

. capture eststo: logit dv_indicator `count_lag_all_vars' `covariates' ib(freq).state ib(freq).time, vce(cl mineid) offset(lnhours) iter(50) or

. capture local rc = _rc 

. 
. if "`rc'" == "" {
.         esttab using `"`directory'Model.`injury_label'.`time_label'.`violation_level_label'.B.V.4.csv"', replace plain wide p eform
. 
.         pause "next"
. 
.         // diagnostics/assessment
.         lfit
. 
.         pause "next"
. 
.         linktest
. 
.         pause "next"
. 
.         estat classification
. 
.         pause "next"
. 
.         predict bv4_yhat 
.         gen bv4_res = dv_indicator - bv4_yhat
. 
.         summ dv_indicator bv4_yhat
.         /*
>         pause "next"
> 
>         scatter dv_indicator bv4_yhat
> 
>         pause "next"
> 
>         scatter bv4_res dv_indicator
> 
>         pause "next"
> 
>         scatter bv4_res bv4_yhat
>         */
.         pause "complete: B.V.4"
. }

. ********************************************************************************
. ********************************************************************************
. 
. // Model B.SSV.1
. 
. eststo clear

. capture eststo: logit dv_indicator `ss_vars' `covariates' ib(freq).state ib(freq).time, vce(cl mineid) offset(lnhours) iter(50) or

. capture local rc = _rc 

. 
. if "`rc'" == "" {
.         esttab using `"`directory'Model.`injury_label'.`time_label'.`violation_level_label'.B.SSV.1.csv"', replace plain wide p eform
. 
.         pause "next"
. 
.         // diagnostics/assessment
.         lfit
. 
.         pause "next"
. 
.         linktest
. 
.         pause "next"
. 
.         estat classification
. 
.         pause "next"
. 
.         predict bssv1_yhat 
.         gen bssv1_res = dv_indicator - bssv1_yhat
. 
.         summ dv_indicator bssv1_yhat
.         /*
>         pause "next"
> 
>         scatter dv_indicator bssv1_yhat
> 
>         pause "next"
> 
>         scatter bssv1_res dv_indicator
> 
>         pause "next"
> 
>         scatter bssv1_res bssv1_yhat
>         */
.         pause "complete: B.SSV.1"
. }

. ********************************************************************************
. ********************************************************************************
. 
. // Model B.SSV.2
. 
. eststo clear

. capture eststo: logit dv_indicator `ss_lag_1_vars' `covariates' ib(freq).state ib(freq).time, vce(cl mineid) offset(lnhours) iter(50) or

. capture local rc = _rc 

. 
. if "`rc'" == "" {
.         esttab using `"`directory'Model.`injury_label'.`time_label'.`violation_level_label'.B.SSV.2.csv"', replace plain wide p eform
. 
.         pause "next"
. 
.         // diagnostics/assessment
.         lfit
. 
.         pause "next"
. 
.         linktest
. 
.         pause "next"
. 
.         estat classification
. 
.         pause "next"
. 
.         predict bssv2_yhat 
.         gen bssv2_res = dv_indicator - bssv2_yhat
. 
.         summ dv_indicator bssv2_yhat
.         /*
>         pause "next"
> 
>         scatter dv_indicator bssv2_yhat
> 
>         pause "next"
> 
>         scatter bssv2_res dv_indicator
> 
>         pause "next"
> 
>         scatter bssv2_res bssv2_yhat
>         */
.         pause "complete: B.SSV.2"
. }

. ********************************************************************************
. ********************************************************************************
. 
. // Model B.SSV.3
. 
. eststo clear

. capture eststo: logit dv_indicator `ss_lag_4_vars' `covariates' ib(freq).state ib(freq).time, vce(cl mineid) offset(lnhours) iter(50) or

. capture local rc = _rc 

. 
. if "`rc'" == "" {
.         esttab using `"`directory'Model.`injury_label'.`time_label'.`violation_level_label'.B.SSV.3.csv"', replace plain wide p eform
. 
.         pause "next"
. 
.         // diagnostics/assessment
.         lfit
. 
.         pause "next"
. 
.         linktest
. 
.         pause "next"
. 
.         estat classification
. 
.         pause "next"
. 
.         predict bssv3_yhat 
.         gen bssv3_res = dv_indicator - bssv3_yhat
. 
.         summ dv_indicator bssv3_yhat
.         /*
>         pause "next"
> 
>         scatter dv_indicator bssv3_yhat
> 
>         pause "next"
> 
>         scatter bssv3_res dv_indicator
> 
>         pause "next"
> 
>         scatter bssv3_res bssv3_yhat
>         */
.         pause "complete: B.SSV.3"
. }

. ********************************************************************************
. ********************************************************************************
. 
. // Model B.SSV.4
. 
. eststo clear

. capture eststo: logit dv_indicator `ss_lag_all_vars' `covariates' ib(freq).state ib(freq).time, vce(cl mineid) offset(lnhours) iter(50) or

. capture local rc = _rc 

. 
. if "`rc'" == "" {
.         esttab using `"`directory'Model.`injury_label'.`time_label'.`violation_level_label'.B.SSV.4.csv"', replace plain wide p eform
. 
.         pause "next"
. 
.         // diagnostics/assessment
.         lfit
. 
.         pause "next"
. 
.         linktest
. 
.         pause "next"
. 
.         estat classification
. 
.         pause "next"
. 
.         predict bssv4_yhat 
.         gen bssv4_res = dv_indicator - bssv4_yhat
. 
.         summ dv_indicator bssv4_yhat
.         /*
>         pause "next"
> 
>         scatter dv_indicator bssv4_yhat
> 
>         pause "next"
> 
>         scatter bssv4_res dv_indicator
> 
>         pause "next"
> 
>         scatter bssv4_res bssv4_yhat
>         */
.         pause "complete: B.SSV.4"
. }

. ********************************************************************************
. ********************************************************************************
. 
. // Model B.PP.1
. 
. eststo clear

. capture eststo: logit dv_indicator `pp_vars' `covariates' ib(freq).state ib(freq).time if sample_pp == 1, vce(cl mineid) offset(lnhours) iter(50) or

. capture local rc = _rc 

. 
. if "`rc'" == "" {
.         esttab using `"`directory'Model.`injury_label'.`time_label'.`violation_level_label'.B.PP.1.csv"', replace plain wide p eform
. 
.         pause "next"
. 
.         // diagnostics/assessment
.         lfit
. 
.         pause "next"
. 
.         linktest
. 
.         pause "next"
. 
.         estat classification
. 
.         pause "next"
. 
.         predict bpp1_yhat 
.         gen bpp1_res = dv_indicator - bpp1_yhat
. 
.         summ dv_indicator bpp1_yhat
.         /*
>         pause "next"
> 
>         scatter dv_indicator bpp1_yhat
> 
>         pause "next"
> 
>         scatter bpp1_res dv_indicator
> 
>         pause "next"
> 
>         scatter bpp1_res bpp1_yhat
>         */
.         pause "complete: B.PP.1"
. }

. ********************************************************************************
. ********************************************************************************
. 
. // Model B.PP.2
. 
. eststo clear

. capture eststo: logit dv_indicator `pp_lag_1_vars' `covariates' ib(freq).state ib(freq).time if sample_pp == 1, vce(cl mineid) offset(lnhours) iter(50) or

. capture local rc = _rc 

. 
. if "`rc'" == "" {
.         esttab using `"`directory'Model.`injury_label'.`time_label'.`violation_level_label'.B.PP.2.csv"', replace plain wide p eform
. 
.         pause "next"
. 
.         // diagnostics/assessment
.         lfit
. 
.         pause "next"
. 
.         linktest
. 
.         pause "next"
. 
.         estat classification
. 
.         pause "next"
. 
.         predict bpp2_yhat 
.         gen bpp2_res = dv_indicator - bpp2_yhat
. 
.         summ dv_indicator bpp2_yhat
.         /*
>         pause "next"
> 
>         scatter dv_indicator bpp2_yhat
> 
>         pause "next"
> 
>         scatter bpp2_res dv_indicator
> 
>         pause "next"
> 
>         scatter bpp2_res bpp2_yhat
>         */
.         pause "complete: B.PP.2"
. }

. ********************************************************************************
. ********************************************************************************
. 
. // Model B.PP.3
. 
. eststo clear

. capture eststo: logit dv_indicator `pp_lag_4_vars' `covariates' ib(freq).state ib(freq).time if sample_pp == 1, vce(cl mineid) offset(lnhours) iter(50) or

. capture local rc = _rc 

. 
. if "`rc'" == "" {
.         esttab using `"`directory'Model.`injury_label'.`time_label'.`violation_level_label'.B.PP.3.csv"', replace plain wide p eform
. 
.         pause "next"
. 
.         // diagnostics/assessment
.         lfit
. 
.         pause "next"
. 
.         linktest
. 
.         pause "next"
. 
.         estat classification
. 
.         pause "next"
. 
.         predict bpp3_yhat 
.         gen bpp3_res = dv_indicator - bpp3_yhat
. 
.         summ dv_indicator bpp3_yhat
.         /*
>         pause "next"
> 
>         scatter dv_indicator bpp3_yhat
> 
>         pause "next"
> 
>         scatter bpp3_res dv_indicator
> 
>         pause "next"
> 
>         scatter bpp3_res bpp3_yhat
>         */
.         pause "complete: B.PP.3"
. }

. ********************************************************************************
. ********************************************************************************
. 
. // Model B.PP.4
. 
. eststo clear

. capture eststo: logit dv_indicator `pp_lag_all_vars' `covariates' ib(freq).state ib(freq).time if sample_pp == 1, vce(cl mineid) offset(lnhours) iter(50) o
> r

. capture local rc = _rc 

. 
. if "`rc'" == "" {
.         esttab using `"`directory'Model.`injury_label'.`time_label'.`violation_level_label'.B.PP.4.csv"', replace plain wide p eform
. 
.         pause "next"
. 
.         // diagnostics/assessment
.         lfit
. 
.         pause "next"
. 
.         linktest
. 
.         pause "next"
. 
.         estat classification
. 
.         pause "next"
. 
.         predict bpp4_yhat 
.         gen bpp4_res = dv_indicator - bpp4_yhat
. 
.         summ dv_indicator bpp4_yhat
.         /*
>         pause "next"
> 
>         scatter dv_indicator bpp4_yhat
> 
>         pause "next"
> 
>         scatter bpp4_res dv_indicator
> 
>         pause "next"
> 
>         scatter bpp4_res bpp4_yhat
>         */
.         pause "complete: B.PP.4"
. }

. ********************************************************************************
. ********************************************************************************
. 
. log close
      name:  <unnamed>
       log:  C:/Users/slevine2/Dropbox (Stanford Law School)/R-code/Injury-Classification/Model Output + Summaries/bad/inj/V1/PS/log 10-24/log_part_quarter.t
> xt
  log type:  text
 closed on:  25 Oct 2016, 13:19:06
-------------------------------------------------------------------------------------------------------------------------------------------------------------
